<html>
<body>
<pre>
<h1>礦ision Build Log</h1>
<h2>Tool Versions:</h2>
IDE-Version: μVision V5.14.0.0
Copyright (C) 2015 ARM Ltd and ARM Germany GmbH. All rights reserved.
License Information: wei Administrator, szyy, LIC=IC930-BEIFJ-UMM9A-1XNVS-CULXR-S94XL
 
Tool Versions:
Toolchain:       MDK-ARM Professional  Version: 5.14.0.0
Toolchain Path:  C:\Keil_v5\ARM\ARMCC\Bin
C Compiler:      Armcc.exe V5.05 update 1 (build 106)
Assembler:       Armasm.exe V5.05 update 1 (build 106)
Linker/Locator:  ArmLink.exe V5.05 update 1 (build 106)
Library Manager: ArmAr.exe V5.05 update 1 (build 106)
Hex Converter:   FromElf.exe V5.05 update 1 (build 106)
CPU DLL:         SARMCM3.DLL V5.14.0.0
Dialog DLL:      DCM.DLL V1.13.1.0
Target DLL:      STLink\ST-LINKIII-KEIL_SWO.dll V2.0.14.0_KEIL
Dialog DLL:      TCM.DLL V1.14.4.0
 
<h2>Project:</h2>
H:\STM32\亿研电子\STM32+NB-IOT\测试程序\USER\SPI.uvprojx
Project File Date:  08/06/2019

<h2>Output:</h2>
Rebuild target 'test'
compiling main.c...
main.c(69): warning:  #167-D: argument of type "u8 *" is incompatible with parameter of type "char *restrict"
          sprintf(buff, "NB ok(%s)(%d)", nb.gOperator, nb.csq);
main.c(251): warning:  #167-D: argument of type "u8 *" is incompatible with parameter of type "char *restrict"
    sprintf(datatemp, "ID:%x", id);
main.c(263): warning:  #167-D: argument of type "const u8 *" is incompatible with parameter of type "const char *"
      if(strncmp(writeStr, datatemp, WRITE_SIZE)==0)
main.c(263): warning:  #167-D: argument of type "u8 *" is incompatible with parameter of type "const char *"
      if(strncmp(writeStr, datatemp, WRITE_SIZE)==0)
main.c(285): warning:  #167-D: argument of type "const u8 *" is incompatible with parameter of type "const char *"
      if(strncmp(writeStr, datatemp, WRITE_SIZE)==0)
main.c(285): warning:  #167-D: argument of type "u8 *" is incompatible with parameter of type "const char *"
      if(strncmp(writeStr, datatemp, WRITE_SIZE)==0)
main.c(307): warning:  #167-D: argument of type "const u8 *" is incompatible with parameter of type "const char *"
      if(strncmp(writeStr, datatemp, WRITE_SIZE)==0)
main.c(307): warning:  #167-D: argument of type "u8 *" is incompatible with parameter of type "const char *"
      if(strncmp(writeStr, datatemp, WRITE_SIZE)==0)
main.c(426): warning:  #167-D: argument of type "u8 *" is incompatible with parameter of type "char *restrict"
        sprintf(buff, "18B20 test!! (-%d.%d)", temperature/10, temperature%10);
main.c(430): warning:  #167-D: argument of type "u8 *" is incompatible with parameter of type "char *restrict"
        sprintf(buff, "18B20 test!! (%d.%d)", temperature/10, temperature%10);
main.c(407): warning:  #177-D: variable "key" was declared but never referenced
        u8 key;
main.c(479): warning:  #167-D: argument of type "const u8 *" is incompatible with parameter of type "const char *"
          if(strncmp(Uart2_str1, uartBuff, Uart2_str1_len)==0)
main.c(479): warning:  #167-D: argument of type "u8 *" is incompatible with parameter of type "const char *"
          if(strncmp(Uart2_str1, uartBuff, Uart2_str1_len)==0)
main.c(486): warning:  #167-D: argument of type "const u8 *" is incompatible with parameter of type "const char *"
              if(strncmp(Uart2_str2, uartBuff, Uart2_str2_len)==0)
main.c(486): warning:  #167-D: argument of type "u8 *" is incompatible with parameter of type "const char *"
              if(strncmp(Uart2_str2, uartBuff, Uart2_str2_len)==0)
main.c(460): warning:  #177-D: variable "key" was declared but never referenced
      u8 key;
main.c(461): warning:  #177-D: variable "temperature" was declared but never referenced
      short temperature;
main.c(462): warning:  #177-D: variable "buff" was declared but never referenced
      u8 buff[30]={0};
main.c(503): warning:  #177-D: variable "buff" was declared but never referenced
    u8 buff[30]={0};
main.c(562): warning:  #167-D: argument of type "u8 *" is incompatible with parameter of type "const char *"
              if(strlen(nb.imsi)>0 && strlen(nb.gOperator)>0)
main.c(562): warning:  #167-D: argument of type "u8 *" is incompatible with parameter of type "const char *"
              if(strlen(nb.imsi)>0 && strlen(nb.gOperator)>0)
main.c(545): warning:  #177-D: variable "buff" was declared but never referenced
      u8 buff[30]={0};
main.c(580): warning:  #177-D: variable "key" was declared but never referenced
      u8 key;
main.c(581): warning:  #177-D: variable "count" was declared but never referenced
      u16 count=0;
main.c: 24 warnings, 0 errors
compiling stm32f10x_it.c...
compiling system_stm32f10x.c...
compiling led.c...
compiling key.c...
compiling spi.c...
compiling w25qxx.c...
compiling GUI.c...
compiling Lcd_Driver.c...
compiling buzzer.c...
compiling ds18b20.c...
..\HARDWARE\DS18B20\ds18b20.c(135): warning:  #550-D: variable "temp" was set but never used
    u8 temp;
..\HARDWARE\DS18B20\ds18b20.c: 1 warning, 0 errors
compiling nb.c...
..\HARDWARE\NB_IOT\nb.c(171): warning:  #111-D: statement is unreachable
      return 0;
..\HARDWARE\NB_IOT\nb.c(274): warning:  #167-D: argument of type "char *" is incompatible with parameter of type "u8 *"
                  NB_parseDefaultMsg(gAtParseBuff,len);        
..\HARDWARE\NB_IOT\nb.c(289): warning:  #167-D: argument of type "u8 *" is incompatible with parameter of type "const char *"
      NB_Printf((u8*)"END AT:%s",cmd);
..\HARDWARE\NB_IOT\nb.c(343): warning:  #177-D: variable "index" was declared but never referenced
          u8 index=0;
..\HARDWARE\NB_IOT\nb.c(357): warning:  #144-D: a value of type "u8 *" cannot be used to initialize an entity of type "char *"
      char *ptr = cmd;
..\HARDWARE\NB_IOT\nb.c(385): warning:  #177-D: variable "ptr" was declared but never referenced
      char *ptr = NULL;
..\HARDWARE\NB_IOT\nb.c(405): warning:  #167-D: argument of type "u8 *" is incompatible with parameter of type "const char *"
          if(strlen(nb.gOperator)>0) break;
..\HARDWARE\NB_IOT\nb.c(417): warning:  #167-D: argument of type "u8 *" is incompatible with parameter of type "const char *"
      if(strlen(nb.imsi)>0)
..\HARDWARE\NB_IOT\nb.c(430): warning:  #167-D: argument of type "u8 *" is incompatible with parameter of type "char *restrict"
          sprintf(cmd, "AT+NBAND=%d\r\n", nband);
..\HARDWARE\NB_IOT\nb.c(433): warning:  #167-D: argument of type "u8 *" is incompatible with parameter of type "char *"
          if(1==NB_SendAT(cmd,1))
..\HARDWARE\NB_IOT\nb.c(454): warning:  #167-D: argument of type "u8 *" is incompatible with parameter of type "const char *"
          if(strlen(nb.imsi)>0) break;
..\HARDWARE\NB_IOT\nb.c: 11 warnings, 0 errors
compiling delay.c...
compiling sys.c...
compiling usart.c...
..\SYSTEM\usart\usart.c(97): warning:  #550-D: variable "Res" was set but never used
        u8 Res;
..\SYSTEM\usart\usart.c: 1 warning, 0 errors
compiling usart2.c...
compiling usart3.c...
compiling core_cm3.c...
assembling startup_stm32f10x_hd.s...
compiling misc.c...
compiling stm32f10x_fsmc.c...
compiling stm32f10x_gpio.c...
compiling stm32f10x_rcc.c...
compiling stm32f10x_tim.c...
compiling stm32f10x_usart.c...
compiling stm32f10x_spi.c...
linking...
Program Size: Code=24968 RO-data=7864 RW-data=84 ZI-data=16612  
FromELF: creating hex file...
"..\OBJ\SPI.axf" - 0 Error(s), 37 Warning(s).

<h2>Collection of Component include folders:</h2>
  H:\STM32\亿研电子\STM32+NB-IOT\测试程序\USER\RTE
  C:\Keil_v5\ARM\PACK\Keil\STM32F1xx_DFP\1.0.5\Device\Include

<h2>Collection of Component Files used:</h2>
</pre>
</body>
</html>
