Component: ARM Compiler 5.05 update 1 (build 106) Tool: armlink [4d0efa]

==============================================================================

Section Cross References

    main.o(.text) refers to delay.o(.text) for delay_init
    main.o(.text) refers to misc.o(.text) for NVIC_PriorityGroupConfig
    main.o(.text) refers to usart.o(.text) for uart1_init
    main.o(.text) refers to usart2.o(.text) for uart2_init
    main.o(.text) refers to w25qxx.o(.text) for W25QXX_Init
    main.o(.text) refers to led.o(.text) for LED_Init
    main.o(.text) refers to lcd_driver.o(.text) for Lcd_Init
    main.o(.text) refers to key.o(.text) for KEY_Init
    main.o(.text) refers to buzzer.o(.text) for Buzzer_Init
    main.o(.text) refers to esp8266.o(.text) for ESP8266_init
    main.o(.text) refers to strlen.o(.text) for strlen
    main.o(.text) refers to esp8266.o(.bss) for esp8266
    system_stm32f10x.o(.text) refers to system_stm32f10x.o(.data) for SystemCoreClock
    led.o(.text) refers to stm32f10x_rcc.o(.text) for RCC_APB2PeriphClockCmd
    led.o(.text) refers to stm32f10x_gpio.o(.text) for GPIO_Init
    key.o(.text) refers to stm32f10x_rcc.o(.text) for RCC_APB2PeriphClockCmd
    key.o(.text) refers to stm32f10x_gpio.o(.text) for GPIO_Init
    key.o(.text) refers to delay.o(.text) for delay_ms
    key.o(.text) refers to buzzer.o(.text) for Buzzer_flash
    spi.o(.text) refers to stm32f10x_spi.o(.text) for SPI_I2S_GetFlagStatus
    spi.o(.text) refers to stm32f10x_rcc.o(.text) for RCC_APB2PeriphClockCmd
    spi.o(.text) refers to stm32f10x_gpio.o(.text) for GPIO_Init
    w25qxx.o(.text) refers to _printf_pad.o(.text) for _printf_pre_padding
    w25qxx.o(.text) refers to _printf_percent.o(.ARM.Collect$$_printf_percent$$00000000) for _printf_percent
    w25qxx.o(.text) refers to _printf_x.o(.ARM.Collect$$_printf_percent$$0000000C) for _printf_x
    w25qxx.o(.text) refers to _printf_hex_int_ll_ptr.o(.text) for _printf_longlong_hex
    w25qxx.o(.text) refers to spi.o(.text) for SPI1_ReadWriteByte
    w25qxx.o(.text) refers to __2printf.o(.text) for __2printf
    w25qxx.o(.text) refers to stm32f10x_rcc.o(.text) for RCC_APB2PeriphClockCmd
    w25qxx.o(.text) refers to stm32f10x_gpio.o(.text) for GPIO_Init
    w25qxx.o(.text) refers to delay.o(.text) for delay_us
    w25qxx.o(.text) refers to w25qxx.o(.data) for W25QXX_TYPE
    w25qxx.o(.text) refers to w25qxx.o(.bss) for W25QXX_BUFFER
    gui.o(.text) refers to _printf_percent.o(.ARM.Collect$$_printf_percent$$00000000) for _printf_percent
    gui.o(.text) refers to _printf_s.o(.ARM.Collect$$_printf_percent$$00000014) for _printf_s
    gui.o(.text) refers to _printf_str.o(.text) for _printf_str
    gui.o(.text) refers to _printf_d.o(.ARM.Collect$$_printf_percent$$00000009) for _printf_d
    gui.o(.text) refers to _printf_dec.o(.text) for _printf_int_dec
    gui.o(.text) refers to _printf_pad.o(.text) for _printf_pre_padding
    gui.o(.text) refers to _printf_x.o(.ARM.Collect$$_printf_percent$$0000000C) for _printf_x
    gui.o(.text) refers to _printf_hex_int_ll_ptr.o(.text) for _printf_longlong_hex
    gui.o(.text) refers to lcd_driver.o(.text) for Gui_DrawPoint
    gui.o(.text) refers to rt_memclr_w.o(.text) for __aeabi_memclr4
    gui.o(.text) refers to __2printf.o(.text) for __2printf
    gui.o(.text) refers to w25qxx.o(.text) for W25QXX_Read
    lcd_driver.o(.text) refers to stm32f10x_rcc.o(.text) for RCC_APB2PeriphClockCmd
    lcd_driver.o(.text) refers to stm32f10x_gpio.o(.text) for GPIO_Init
    lcd_driver.o(.text) refers to delay.o(.text) for delay_ms
    buzzer.o(.text) refers to stm32f10x_rcc.o(.text) for RCC_APB2PeriphClockCmd
    buzzer.o(.text) refers to stm32f10x_gpio.o(.text) for GPIO_Init
    buzzer.o(.text) refers to delay.o(.text) for delay_ms
    ds18b20.o(.text) refers to delay.o(.text) for delay_us
    ds18b20.o(.text) refers to stm32f10x_rcc.o(.text) for RCC_APB2PeriphClockCmd
    ds18b20.o(.text) refers to stm32f10x_gpio.o(.text) for GPIO_Init
    ds18b20.o(.text) refers to dflt_clz.o(x$fpl$dflt) for __aeabi_i2d
    ds18b20.o(.text) refers to dmul.o(x$fpl$dmul) for __aeabi_dmul
    ds18b20.o(.text) refers to dfix.o(x$fpl$dfix) for __aeabi_d2iz
    esp8266.o(.text) refers to _printf_percent.o(.ARM.Collect$$_printf_percent$$00000000) for _printf_percent
    esp8266.o(.text) refers to _printf_d.o(.ARM.Collect$$_printf_percent$$00000009) for _printf_d
    esp8266.o(.text) refers to _printf_dec.o(.text) for _printf_int_dec
    esp8266.o(.text) refers to _printf_s.o(.ARM.Collect$$_printf_percent$$00000014) for _printf_s
    esp8266.o(.text) refers to _printf_str.o(.text) for _printf_str
    esp8266.o(.text) refers to rt_memclr_w.o(.text) for __aeabi_memclr4
    esp8266.o(.text) refers to c89vsprintf.o(.text) for __c89vsprintf
    esp8266.o(.text) refers to strlen.o(.text) for strlen
    esp8266.o(.text) refers to usart.o(.text) for uart1_send_buff
    esp8266.o(.text) refers to delay.o(.text) for delay_ms
[...]
    .ARM.Collect$$libinit$$00000000          0x08000234   Section        2  libinit.o(.ARM.Collect$$libinit$$00000000)
    .ARM.Collect$$libinit$$00000002          0x08000236   Section        0  libinit2.o(.ARM.Collect$$libinit$$00000002)
    .ARM.Collect$$libinit$$00000004          0x08000236   Section        0  libinit2.o(.ARM.Collect$$libinit$$00000004)
    .ARM.Collect$$libinit$$0000000A          0x08000236   Section        0  libinit2.o(.ARM.Collect$$libinit$$0000000A)
    .ARM.Collect$$libinit$$0000000C          0x08000236   Section        0  libinit2.o(.ARM.Collect$$libinit$$0000000C)
    .ARM.Collect$$libinit$$0000000E          0x08000236   Section        0  libinit2.o(.ARM.Collect$$libinit$$0000000E)
    .ARM.Collect$$libinit$$0000000F          0x08000236   Section        6  libinit2.o(.ARM.Collect$$libinit$$0000000F)
    .ARM.Collect$$libinit$$00000011          0x0800023c   Section        0  libinit2.o(.ARM.Collect$$libinit$$00000011)
    .ARM.Collect$$libinit$$00000012          0x0800023c   Section       12  libinit2.o(.ARM.Collect$$libinit$$00000012)
    .ARM.Collect$$libinit$$00000013          0x08000248   Section        0  libinit2.o(.ARM.Collect$$libinit$$00000013)
    .ARM.Collect$$libinit$$00000015          0x08000248   Section        0  libinit2.o(.ARM.Collect$$libinit$$00000015)
    .ARM.Collect$$libinit$$00000016          0x08000248   Section       10  libinit2.o(.ARM.Collect$$libinit$$00000016)
    .ARM.Collect$$libinit$$00000017          0x08000252   Section        0  libinit2.o(.ARM.Collect$$libinit$$00000017)
    .ARM.Collect$$libinit$$00000019          0x08000252   Section        0  libinit2.o(.ARM.Collect$$libinit$$00000019)
    .ARM.Collect$$libinit$$0000001B          0x08000252   Section        0  libinit2.o(.ARM.Collect$$libinit$$0000001B)
    .ARM.Collect$$libinit$$0000001D          0x08000252   Section        0  libinit2.o(.ARM.Collect$$libinit$$0000001D)
    .ARM.Collect$$libinit$$0000001F          0x08000252   Section        0  libinit2.o(.ARM.Collect$$libinit$$0000001F)
    .ARM.Collect$$libinit$$00000021          0x08000252   Section        0  libinit2.o(.ARM.Collect$$libinit$$00000021)
    .ARM.Collect$$libinit$$00000023          0x08000252   Section        0  libinit2.o(.ARM.Collect$$libinit$$00000023)
    .ARM.Collect$$libinit$$00000025          0x08000252   Section        0  libinit2.o(.ARM.Collect$$libinit$$00000025)
    .ARM.Collect$$libinit$$0000002C          0x08000252   Section        0  libinit2.o(.ARM.Collect$$libinit$$0000002C)
    .ARM.Collect$$libinit$$0000002E          0x08000252   Section        0  libinit2.o(.ARM.Collect$$libinit$$0000002E)
    .ARM.Collect$$libinit$$00000030          0x08000252   Section        0  libinit2.o(.ARM.Collect$$libinit$$00000030)
    .ARM.Collect$$libinit$$00000032          0x08000252   Section        0  libinit2.o(.ARM.Collect$$libinit$$00000032)
    .ARM.Collect$$libinit$$00000033          0x08000252   Section        2  libinit2.o(.ARM.Collect$$libinit$$00000033)
    .ARM.Collect$$libshutdown$$00000000      0x08000254   Section        2  libshutdown.o(.ARM.Collect$$libshutdown$$00000000)
    .ARM.Collect$$libshutdown$$00000003      0x08000256   Section        0  libshutdown2.o(.ARM.Collect$$libshutdown$$00000003)
    .ARM.Collect$$libshutdown$$00000006      0x08000256   Section        0  libshutdown2.o(.ARM.Collect$$libshutdown$$00000006)
    .ARM.Collect$$libshutdown$$00000009      0x08000256   Section        0  libshutdown2.o(.ARM.Collect$$libshutdown$$00000009)
    .ARM.Collect$$libshutdown$$0000000B      0x08000256   Section        0  libshutdown2.o(.ARM.Collect$$libshutdown$$0000000B)
    .ARM.Collect$$libshutdown$$0000000E      0x08000256   Section        0  libshutdown2.o(.ARM.Collect$$libshutdown$$0000000E)
    .ARM.Collect$$libshutdown$$0000000F      0x08000256   Section        2  libshutdown2.o(.ARM.Collect$$libshutdown$$0000000F)
    .ARM.Collect$$rtentry$$00000000          0x08000258   Section        0  __rtentry.o(.ARM.Collect$$rtentry$$00000000)
    .ARM.Collect$$rtentry$$00000002          0x08000258   Section        0  __rtentry2.o(.ARM.Collect$$rtentry$$00000002)
    .ARM.Collect$$rtentry$$00000004          0x08000258   Section        6  __rtentry4.o(.ARM.Collect$$rtentry$$00000004)
    .ARM.Collect$$rtentry$$00000009          0x0800025e   Section        0  __rtentry2.o(.ARM.Collect$$rtentry$$00000009)
    .ARM.Collect$$rtentry$$0000000A          0x0800025e   Section        4  __rtentry2.o(.ARM.Collect$$rtentry$$0000000A)
    .ARM.Collect$$rtentry$$0000000C          0x08000262   Section        0  __rtentry2.o(.ARM.Collect$$rtentry$$0000000C)
    .ARM.Collect$$rtentry$$0000000D          0x08000262   Section        8  __rtentry2.o(.ARM.Collect$$rtentry$$0000000D)
    .ARM.Collect$$rtexit$$00000000           0x0800026a   Section        2  rtexit.o(.ARM.Collect$$rtexit$$00000000)
    .ARM.Collect$$rtexit$$00000002           0x0800026c   Section        0  rtexit2.o(.ARM.Collect$$rtexit$$00000002)
    .ARM.Collect$$rtexit$$00000003           0x0800026c   Section        4  rtexit2.o(.ARM.Collect$$rtexit$$00000003)
    .ARM.Collect$$rtexit$$00000004           0x08000270   Section        6  rtexit2.o(.ARM.Collect$$rtexit$$00000004)
    .text                                    0x08000278   Section        0  main.o(.text)
    .text                                    0x080002f0   Section        0  stm32f10x_it.o(.text)
    .text                                    0x0800030c   Section        0  system_stm32f10x.o(.text)
    SetSysClockTo72                          0x0800030d   Thumb Code   214  system_stm32f10x.o(.text)
    SetSysClock                              0x080003e3   Thumb Code     8  system_stm32f10x.o(.text)
    .text                                    0x080004ec   Section        0  led.o(.text)
    .text                                    0x080005b4   Section        0  key.o(.text)
    .text                                    0x080006ac   Section        0  spi.o(.text)
    .text                                    0x080007b0   Section        0  w25qxx.o(.text)
    .text                                    0x08000b18   Section        0  lcd_driver.o(.text)
    .text                                    0x08000f84   Section        0  buzzer.o(.text)
    .text                                    0x08000fe4   Section        0  esp8266.o(.text)
    .text                                    0x080019f0   Section        0  delay.o(.text)
    .text                                    0x08001ac4   Section        0  usart.o(.text)
    .text                                    0x08001bd4   Section        0  usart2.o(.text)
    .text                                    0x08001d0c   Section       64  startup_stm32f10x_hd.o(.text)
    .text                                    0x08001d4c   Section        0  misc.o(.text)
    .text                                    0x08001e28   Section        0  stm32f10x_gpio.o(.text)
    .text                                    0x08002184   Section        0  stm32f10x_rcc.o(.text)
    .text                                    0x08002528   Section        0  stm32f10x_usart.o(.text)
    .text                                    0x08002930   Section        0  stm32f10x_spi.o(.text)
    .text                                    0x08002c3c   Section        2  use_no_semi_2.o(.text)
    .text                                    0x08002c40   Section        0  c89vsprintf.o(.text)
    .text                                    0x08002c64   Section        0  __2printf.o(.text)
    .text                                    0x08002c7c   Section        0  __2sprintf.o(.text)
    .text                                    0x08002ca8   Section        0  _printf_pad.o(.text)
    .text                                    0x08002cf6   Section        0  _printf_str.o(.text)
    .text                                    0x08002d48   Section        0  _printf_dec.o(.text)
    .text                                    0x08002dc0   Section        0  _printf_hex_int_ll_ptr.o(.text)
    _printf_hex_common                       0x08002dc1   Thumb Code     0  _printf_hex_int_ll_ptr.o(.text)
    .text                                    0x08002e54   Section        0  __printf_flags_ss_wp.o(.text)
    .text                                    0x08002fdc   Section        0  atoi.o(.text)
    .text                                    0x08002ff6   Section        0  strstr.o(.text)
    .text                                    0x0800301a   Section        0  strlen.o(.text)
    .text                                    0x08003058   Section      138  rt_memcpy_v6.o(.text)
    .text                                    0x080030e2   Section       68  rt_memclr.o(.text)
    .text                                    0x08003126   Section       78  rt_memclr_w.o(.text)
    .text                                    0x08003174   Section        0  heapauxi.o(.text)
    .text                                    0x0800317a   Section        2  use_no_semi.o(.text)
    .text                                    0x0800317c   Section        8  rt_errno_addr_intlibspace.o(.text)
    .text                                    0x08003184   Section        0  _printf_truncate.o(.text)
    .text                                    0x080031a8   Section        0  _printf_intcommon.o(.text)
    .text                                    0x0800325a   Section        0  _printf_charcount.o(.text)
    .text                                    0x08003284   Section        0  _printf_char_common.o(.text)
    _printf_input_char                       0x08003285   Thumb Code    10  _printf_char_common.o(.text)
    .text                                    0x080032b4   Section        0  _sputc.o(.text)
    .text                                    0x080032be   Section        0  _printf_char.o(.text)
    .text                                    0x080032ec   Section        0  _printf_char_file.o(.text)
    .text                                    0x08003310   Section        0  _printf_wctomb.o(.text)
    .text                                    0x080033cc   Section        0  _printf_longlong_dec.o(.text)
    .text                                    0x08003448   Section        0  _printf_oct_int_ll.o(.text)
    _printf_longlong_oct_internal            0x08003449   Thumb Code     0  _printf_oct_int_ll.o(.text)
    .text                                    0x080034b8   Section        0  strtol.o(.text)
    .text                                    0x08003528   Section      100  rt_memcpy_w.o(.text)
    .text                                    0x0800358c   Section        8  libspace.o(.text)
    .text                                    0x08003594   Section       16  rt_ctype_table.o(.text)
    .text                                    0x080035a4   Section      138  lludiv10.o(.text)
    .text                                    0x0800362e   Section        0  _printf_fp_dec.o(.text)
    _fp_digits                               0x08003631   Thumb Code   428  _printf_fp_dec.o(.text)
    .text                                    0x08003a48   Section        0  _printf_wchar.o(.text)
    .text                                    0x08003a74   Section        0  _strtoul.o(.text)
    .text                                    0x08003b12   Section        0  ferror.o(.text)
    .text                                    0x08003b1a   Section        0  _wcrtomb.o(.text)
    .text                                    0x08003b5a   Section       74  sys_stackheap_outer.o(.text)
    .text                                    0x08003ba4   Section        8  rt_locale_intlibspace.o(.text)
    .text                                    0x08003bac   Section        0  _printf_fp_infnan.o(.text)
    .text                                    0x08003c2c   Section        0  _chval.o(.text)
    .text                                    0x08003c48   Section        0  bigflt0.o(.text)
    .text                                    0x08003d24   Section        0  exit.o(.text)
    .text                                    0x08003d30   Section      128  strcmpv7m.o(.text)
    CL$$btod_d2e                             0x08003db0   Section       62  btod.o(CL$$btod_d2e)
    CL$$btod_d2e_denorm_low                  0x08003dee   Section       70  btod.o(CL$$btod_d2e_denorm_low)
    CL$$btod_d2e_norm_op1                    0x08003e34   Section       96  btod.o(CL$$btod_d2e_norm_op1)
    CL$$btod_div_common                      0x08003e94   Section      824  btod.o(CL$$btod_div_common)
    CL$$btod_e2e                             0x080041cc   Section      198  btod.o(CL$$btod_e2e)
    CL$$btod_ediv                            0x08004292   Section       40  btod.o(CL$$btod_ediv)
    CL$$btod_emul                            0x080042ba   Section       40  btod.o(CL$$btod_emul)
    CL$$btod_mult_common                     0x080042e2   Section      580  btod.o(CL$$btod_mult_common)
    i.__ARM_fpclassify                       0x08004526   Section        0  fpclassify.o(i.__ARM_fpclassify)
    i._is_digit                              0x0800454e   Section        0  __printf_wp.o(i._is_digit)
    locale$$code                             0x0800455c   Section       44  lc_ctype_c.o(locale$$code)
    locale$$code                             0x08004588   Section       44  lc_numeric_c.o(locale$$code)
    x$fpl$printf1                            0x080045b4   Section        4  printf1.o(x$fpl$printf1)
    .constdata                               0x080045b8   Section       40  _printf_hex_int_ll_ptr.o(.constdata)
    x$fpl$usenofp                            0x080045b8   Section        0  usenofp.o(x$fpl$usenofp)
    uc_hextab                                0x080045b8   Data          20  _printf_hex_int_ll_ptr.o(.constdata)
    lc_hextab                                0x080045cc   Data          20  _printf_hex_int_ll_ptr.o(.constdata)
    .constdata                               0x080045e0   Section       17  __printf_flags_ss_wp.o(.constdata)
    maptable                                 0x080045e0   Data          17  __printf_flags_ss_wp.o(.constdata)
    .constdata                               0x080045f4   Section        8  _printf_wctomb.o(.constdata)
    initial_mbstate                          0x080045f4   Data           8  _printf_wctomb.o(.constdata)
    .constdata                               0x080045fc   Section      148  bigflt0.o(.constdata)
    tenpwrs_x                                0x080045fc   Data          60  bigflt0.o(.constdata)
    tenpwrs_i                                0x08004638   Data          64  bigflt0.o(.constdata)
    locale$$data                             0x080046b0   Section      272  lc_ctype_c.o(locale$$data)
    __lcctype_c_name                         0x080046b4   Data           2  lc_ctype_c.o(locale$$data)
    __lcctype_c_start                        0x080046bc   Data           0  lc_ctype_c.o(locale$$data)
    locale$$data                             0x080047c0   Section       28  lc_numeric_c.o(locale$$data)
    __lcctype_c_end                          0x080047c0   Data           0  lc_ctype_c.o(locale$$data)
    __lcnum_c_name                           0x080047c4   Data           2  lc_numeric_c.o(locale$$data)
    __lcnum_c_start                          0x080047cc   Data           0  lc_numeric_c.o(locale$$data)
    __lcnum_c_point                          0x080047d8   Data           0  lc_numeric_c.o(locale$$data)
    __lcnum_c_thousands                      0x080047da   Data           0  lc_numeric_c.o(locale$$data)
    __lcnum_c_grouping                       0x080047db   Data           0  lc_numeric_c.o(locale$$data)
    __lcnum_c_end                            0x080047dc   Data           0  lc_numeric_c.o(locale$$data)
    .data                                    0x20000000   Section       20  system_stm32f10x.o(.data)
    .data                                    0x20000014   Section        2  w25qxx.o(.data)
    .data                                    0x20000016   Section        5  esp8266.o(.data)
    lastCH                                   0x20000016   Data           1  esp8266.o(.data)
    line                                     0x20000017   Data           1  esp8266.o(.data)
    insertCount                              0x20000018   Data           2  esp8266.o(.data)
    checkCount                               0x2000001a   Data           1  esp8266.o(.data)
    .data                                    0x2000001c   Section        4  delay.o(.data)
    fac_us                                   0x2000001c   Data           1  delay.o(.data)
    fac_ms                                   0x2000001e   Data           2  delay.o(.data)
    .data                                    0x20000020   Section        4  usart.o(.data)
    .data                                    0x20000024   Section        4  usart2.o(.data)
    .data                                    0x20000028   Section       20  stm32f10x_rcc.o(.data)
    APBAHBPrescTable                         0x20000028   Data          16  stm32f10x_rcc.o(.data)
    ADCPrescTable                            0x20000038   Data           4  stm32f10x_rcc.o(.data)
    .bss                                     0x2000003c   Section     4096  w25qxx.o(.bss)
    .bss                                     0x2000103c   Section    10842  esp8266.o(.bss)
    .bss                                     0x20003a98   Section       96  libspace.o(.bss)
    HEAP                                     0x20003af8   Section      512  startup_stm32f10x_hd.o(HEAP)
    Heap_Mem                                 0x20003af8   Data         512  startup_stm32f10x_hd.o(HEAP)
    STACK                                    0x20003cf8   Section     1024  startup_stm32f10x_hd.o(STACK)
    Stack_Mem                                0x20003cf8   Data        1024  startup_stm32f10x_hd.o(STACK)
    __initial_sp                             0x200040f8   Data           0  startup_stm32f10x_hd.o(STACK)

    Global Symbols

    Symbol Name                              Value     Ov Type        Size  Object(Section)

    BuildAttributes$$THM_ISAv4$P$D$K$B$S$PE$A:L22UL41UL21$X:L11$S22US41US21$IEEE1$IW$USESV6$~STKCKD$USESV7$~SHL$OTIME$ROPI$IEEEJ$EBA8$UX$STANDARDLIB$REQ8$PRES8$EABIv2 0x00000000   Number         0  anon$$obj.o ABSOLUTE
    __ARM_use_no_argv                        0x00000000   Number         0  main.o ABSOLUTE
    _printf_flags                            0x00000000   Number         0  printf_stubs.o ABSOLUTE
    _printf_return_value                     0x00000000   Number         0  printf_stubs.o ABSOLUTE
    _printf_sizespec                         0x00000000   Number         0  printf_stubs.o ABSOLUTE
    _printf_widthprec                        0x00000000   Number         0  printf_stubs.o ABSOLUTE
    __ARM_exceptions_init                     - Undefined Weak Reference
    __alloca_initialize                       - Undefined Weak Reference
    __arm_preinit_                            - Undefined Weak Reference
    __cpp_initialize__aeabi_                  - Undefined Weak Reference
    __cxa_finalize                            - Undefined Weak Reference
    __sigvec_lookup                           - Undefined Weak Reference
    _atexit_init                              - Undefined Weak Reference
    _call_atexit_fns                          - Undefined Weak Reference
    _clock_init                               - Undefined Weak Reference
    _fp_trap_init                             - Undefined Weak Reference
    _fp_trap_shutdown                         - Undefined Weak Reference
    _get_lc_collate                           - Undefined Weak Reference
    _get_lc_monetary                          - Undefined Weak Reference
    _get_lc_time                              - Undefined Weak Reference
    _getenv_init                              - Undefined Weak Reference
    _handle_redirection                       - Undefined Weak Reference
    _init_alloc                               - Undefined Weak Reference
    _init_user_alloc                          - Undefined Weak Reference
    _initio                                   - Undefined Weak Reference
    _mutex_acquire                            - Undefined Weak Reference
    _mutex_release                            - Undefined Weak Reference
    _printf_fp_hex                            - Undefined Weak Reference
    _printf_mbtowc                            - Undefined Weak Reference
    _printf_wc                                - Undefined Weak Reference
    _rand_init                                - Undefined Weak Reference
    _signal_finish                            - Undefined Weak Reference
    _signal_init                              - Undefined Weak Reference
    _terminate_alloc                          - Undefined Weak Reference
    _terminate_user_alloc                     - Undefined Weak Reference
    _terminateio                              - Undefined Weak Reference
    __Vectors_Size                           0x00000130   Number         0  startup_stm32f10x_hd.o ABSOLUTE
    __Vectors                                0x08000000   Data           4  startup_stm32f10x_hd.o(RESET)
    __Vectors_End                            0x08000130   Data           0  startup_stm32f10x_hd.o(RESET)
    __main                                   0x08000131   Thumb Code     8  __main.o(!!!main)
    __scatterload                            0x08000139   Thumb Code     0  __scatter.o(!!!scatter)
    __scatterload_rt2                        0x08000139   Thumb Code    44  __scatter.o(!!!scatter)
    __scatterload_rt2_thumb_only             0x08000139   Thumb Code     0  __scatter.o(!!!scatter)
    __scatterload_null                       0x08000147   Thumb Code     0  __scatter.o(!!!scatter)
    __scatterload_copy                       0x0800016d   Thumb Code    26  __scatter_copy.o(!!handler_copy)
    __scatterload_zeroinit                   0x08000189   Thumb Code    28  __scatter_zi.o(!!handler_zi)
    _printf_n                                0x080001a5   Thumb Code     0  _printf_n.o(.ARM.Collect$$_printf_percent$$00000001)
    _printf_percent                          0x080001a5   Thumb Code     0  _printf_percent.o(.ARM.Collect$$_printf_percent$$00000000)
    _printf_p                                0x080001ab   Thumb Code     0  _printf_p.o(.ARM.Collect$$_printf_percent$$00000002)
    _printf_f                                0x080001b1   Thumb Code     0  _printf_f.o(.ARM.Collect$$_printf_percent$$00000003)
    _printf_e                                0x080001b7   Thumb Code     0  _printf_e.o(.ARM.Collect$$_printf_percent$$00000004)
    _printf_g                                0x080001bd   Thumb Code     0  _printf_g.o(.ARM.Collect$$_printf_percent$$00000005)
    _printf_a                                0x080001c3   Thumb Code     0  _printf_a.o(.ARM.Collect$$_printf_percent$$00000006)
    _printf_ll                               0x080001c9   Thumb Code     0  _printf_ll.o(.ARM.Collect$$_printf_percent$$00000007)
    _printf_i                                0x080001d3   Thumb Code     0  _printf_i.o(.ARM.Collect$$_printf_percent$$00000008)
    _printf_d                                0x080001d9   Thumb Code     0  _printf_d.o(.ARM.Collect$$_printf_percent$$00000009)
    _printf_u                                0x080001df   Thumb Code     0  _printf_u.o(.ARM.Collect$$_printf_percent$$0000000A)
    _printf_o                                0x080001e5   Thumb Code     0  _printf_o.o(.ARM.Collect$$_printf_percent$$0000000B)
    _printf_x                                0x080001eb   Thumb Code     0  _printf_x.o(.ARM.Collect$$_printf_percent$$0000000C)
    _printf_lli                              0x080001f1   Thumb Code     0  _printf_lli.o(.ARM.Collect$$_printf_percent$$0000000D)
    _printf_lld                              0x080001f7   Thumb Code     0  _printf_lld.o(.ARM.Collect$$_printf_percent$$0000000E)
    _printf_llu                              0x080001fd   Thumb Code     0  _printf_llu.o(.ARM.Collect$$_printf_percent$$0000000F)
    _printf_llo                              0x08000203   Thumb Code     0  _printf_llo.o(.ARM.Collect$$_printf_percent$$00000010)
    _printf_llx                              0x08000209   Thumb Code     0  _printf_llx.o(.ARM.Collect$$_printf_percent$$00000011)
    _printf_l                                0x0800020f   Thumb Code     0  _printf_l.o(.ARM.Collect$$_printf_percent$$00000012)
    _printf_c                                0x08000219   Thumb Code     0  _printf_c.o(.ARM.Collect$$_printf_percent$$00000013)
    _printf_s                                0x0800021f   Thumb Code     0  _printf_s.o(.ARM.Collect$$_printf_percent$$00000014)
    _printf_lc                               0x08000225   Thumb Code     0  _printf_lc.o(.ARM.Collect$$_printf_percent$$00000015)
    _printf_ls                               0x0800022b   Thumb Code     0  _printf_ls.o(.ARM.Collect$$_printf_percent$$00000016)
    _printf_percent_end                      0x08000231   Thumb Code     0  _printf_percent_end.o(.ARM.Collect$$_printf_percent$$00000017)
    __rt_lib_init                            0x08000235   Thumb Code     0  libinit.o(.ARM.Collect$$libinit$$00000000)
    __rt_lib_init_fp_1                       0x08000237   Thumb Code     0  libinit2.o(.ARM.Collect$$libinit$$00000002)
    __rt_lib_init_heap_1                     0x08000237   Thumb Code     0  libinit2.o(.ARM.Collect$$libinit$$0000000A)
    __rt_lib_init_lc_common                  0x08000237   Thumb Code     0  libinit2.o(.ARM.Collect$$libinit$$0000000F)
    __rt_lib_init_preinit_1                  0x08000237   Thumb Code     0  libinit2.o(.ARM.Collect$$libinit$$00000004)
    __rt_lib_init_rand_1                     0x08000237   Thumb Code     0  libinit2.o(.ARM.Collect$$libinit$$0000000E)
    __rt_lib_init_user_alloc_1               0x08000237   Thumb Code     0  libinit2.o(.ARM.Collect$$libinit$$0000000C)
    __rt_lib_init_lc_collate_1               0x0800023d   Thumb Code     0  libinit2.o(.ARM.Collect$$libinit$$00000011)
    __rt_lib_init_lc_ctype_2                 0x0800023d   Thumb Code     0  libinit2.o(.ARM.Collect$$libinit$$00000012)
    __rt_lib_init_lc_ctype_1                 0x08000249   Thumb Code     0  libinit2.o(.ARM.Collect$$libinit$$00000013)
    __rt_lib_init_lc_monetary_1              0x08000249   Thumb Code     0  libinit2.o(.ARM.Collect$$libinit$$00000015)
    __rt_lib_init_lc_numeric_2               0x08000249   Thumb Code     0  libinit2.o(.ARM.Collect$$libinit$$00000016)
    __rt_lib_init_alloca_1                   0x08000253   Thumb Code     0  libinit2.o(.ARM.Collect$$libinit$$0000002E)
    __rt_lib_init_argv_1                     0x08000253   Thumb Code     0  libinit2.o(.ARM.Collect$$libinit$$0000002C)
    __rt_lib_init_atexit_1                   0x08000253   Thumb Code     0  libinit2.o(.ARM.Collect$$libinit$$0000001B)
    __rt_lib_init_clock_1                    0x08000253   Thumb Code     0  libinit2.o(.ARM.Collect$$libinit$$00000021)
    __rt_lib_init_cpp_1                      0x08000253   Thumb Code     0  libinit2.o(.ARM.Collect$$libinit$$00000032)
    __rt_lib_init_exceptions_1               0x08000253   Thumb Code     0  libinit2.o(.ARM.Collect$$libinit$$00000030)
    __rt_lib_init_fp_trap_1                  0x08000253   Thumb Code     0  libinit2.o(.ARM.Collect$$libinit$$0000001F)
    __rt_lib_init_getenv_1                   0x08000253   Thumb Code     0  libinit2.o(.ARM.Collect$$libinit$$00000023)
    __rt_lib_init_lc_numeric_1               0x08000253   Thumb Code     0  libinit2.o(.ARM.Collect$$libinit$$00000017)
    __rt_lib_init_lc_time_1                  0x08000253   Thumb Code     0  libinit2.o(.ARM.Collect$$libinit$$00000019)
    __rt_lib_init_return                     0x08000253   Thumb Code     0  libinit2.o(.ARM.Collect$$libinit$$00000033)
    __rt_lib_init_signal_1                   0x08000253   Thumb Code     0  libinit2.o(.ARM.Collect$$libinit$$0000001D)
    __rt_lib_init_stdio_1                    0x08000253   Thumb Code     0  libinit2.o(.ARM.Collect$$libinit$$00000025)
    __rt_lib_shutdown                        0x08000255   Thumb Code     0  libshutdown.o(.ARM.Collect$$libshutdown$$00000000)
    __rt_lib_shutdown_fp_trap_1              0x08000257   Thumb Code     0  libshutdown2.o(.ARM.Collect$$libshutdown$$00000006)
    __rt_lib_shutdown_heap_1                 0x08000257   Thumb Code     0  libshutdown2.o(.ARM.Collect$$libshutdown$$0000000E)
    __rt_lib_shutdown_return                 0x08000257   Thumb Code     0  libshutdown2.o(.ARM.Collect$$libshutdown$$0000000F)
    __rt_lib_shutdown_signal_1               0x08000257   Thumb Code     0  libshutdown2.o(.ARM.Collect$$libshutdown$$00000009)
    __rt_lib_shutdown_stdio_1                0x08000257   Thumb Code     0  libshutdown2.o(.ARM.Collect$$libshutdown$$00000003)
    __rt_lib_shutdown_user_alloc_1           0x08000257   Thumb Code     0  libshutdown2.o(.ARM.Collect$$libshutdown$$0000000B)
    __rt_entry                               0x08000259   Thumb Code     0  __rtentry.o(.ARM.Collect$$rtentry$$00000000)
    __rt_entry_presh_1                       0x08000259   Thumb Code     0  __rtentry2.o(.ARM.Collect$$rtentry$$00000002)
    __rt_entry_sh                            0x08000259   Thumb Code     0  __rtentry4.o(.ARM.Collect$$rtentry$$00000004)
    __rt_entry_li                            0x0800025f   Thumb Code     0  __rtentry2.o(.ARM.Collect$$rtentry$$0000000A)
    __rt_entry_postsh_1                      0x0800025f   Thumb Code     0  __rtentry2.o(.ARM.Collect$$rtentry$$00000009)
    __rt_entry_main                          0x08000263   Thumb Code     0  __rtentry2.o(.ARM.Collect$$rtentry$$0000000D)
    __rt_entry_postli_1                      0x08000263   Thumb Code     0  __rtentry2.o(.ARM.Collect$$rtentry$$0000000C)
    __rt_exit                                0x0800026b   Thumb Code     0  rtexit.o(.ARM.Collect$$rtexit$$00000000)
    __rt_exit_ls                             0x0800026d   Thumb Code     0  rtexit2.o(.ARM.Collect$$rtexit$$00000003)
    __rt_exit_prels_1                        0x0800026d   Thumb Code     0  rtexit2.o(.ARM.Collect$$rtexit$$00000002)
    __rt_exit_exit                           0x08000271   Thumb Code     0  rtexit2.o(.ARM.Collect$$rtexit$$00000004)
    main                                     0x08000279   Thumb Code    96  main.o(.text)
    NMI_Handler                              0x080002f1   Thumb Code     2  stm32f10x_it.o(.text)
    HardFault_Handler                        0x080002f3   Thumb Code     4  stm32f10x_it.o(.text)
    MemManage_Handler                        0x080002f7   Thumb Code     4  stm32f10x_it.o(.text)
    BusFault_Handler                         0x080002fb   Thumb Code     4  stm32f10x_it.o(.text)
    UsageFault_Handler                       0x080002ff   Thumb Code     4  stm32f10x_it.o(.text)
    SVC_Handler                              0x08000303   Thumb Code     2  stm32f10x_it.o(.text)
    DebugMon_Handler                         0x08000305   Thumb Code     2  stm32f10x_it.o(.text)
    PendSV_Handler                           0x08000307   Thumb Code     2  stm32f10x_it.o(.text)
    SysTick_Handler                          0x08000309   Thumb Code     2  stm32f10x_it.o(.text)
    SystemInit                               0x080003eb   Thumb Code    78  system_stm32f10x.o(.text)
    SystemCoreClockUpdate                    0x08000439   Thumb Code   142  system_stm32f10x.o(.text)
    LED_Init                                 0x080004ed   Thumb Code   118  led.o(.text)
    led1On                                   0x08000563   Thumb Code    20  led.o(.text)
    led2On                                   0x08000577   Thumb Code    20  led.o(.text)
    led3On                                   0x0800058b   Thumb Code    24  led.o(.text)
    KEY_Init                                 0x080005b5   Thumb Code    72  key.o(.text)
    KEY_Scan                                 0x080005fd   Thumb Code   162  key.o(.text)
    SPI1_ReadWriteByte                       0x080006ad   Thumb Code    78  spi.o(.text)
    SPI1_Init                                0x080006fb   Thumb Code   136  spi.o(.text)
    SPI1_SetSpeed                            0x08000783   Thumb Code    36  spi.o(.text)
    W25QXX_ReadID                            0x080007b1   Thumb Code    72  w25qxx.o(.text)
    W25QXX_Init                              0x080007f9   Thumb Code    68  w25qxx.o(.text)
    W25QXX_ReadSR                            0x0800083d   Thumb Code    36  w25qxx.o(.text)
    W25QXX_Write_SR                          0x08000861   Thumb Code    32  w25qxx.o(.text)
    W25QXX_Write_Enable                      0x08000881   Thumb Code    24  w25qxx.o(.text)
    W25QXX_Write_Disable                     0x08000899   Thumb Code    24  w25qxx.o(.text)
    W25QXX_Read                              0x080008b1   Thumb Code    74  w25qxx.o(.text)
    W25QXX_Wait_Busy                         0x080008fb   Thumb Code    18  w25qxx.o(.text)
    W25QXX_Write_Page                        0x0800090d   Thumb Code    80  w25qxx.o(.text)
    W25QXX_Write_NoCheck                     0x0800095d   Thumb Code    70  w25qxx.o(.text)
    W25QXX_Erase_Sector                      0x080009a3   Thumb Code    62  w25qxx.o(.text)
    W25QXX_Write                             0x080009e1   Thumb Code   178  w25qxx.o(.text)
    W25QXX_Erase_Chip                        0x08000a93   Thumb Code    36  w25qxx.o(.text)
    W25QXX_PowerDown                         0x08000ab7   Thumb Code    30  w25qxx.o(.text)
    W25QXX_WAKEUP                            0x08000ad5   Thumb Code    30  w25qxx.o(.text)
    LCD_GPIO_Init                            0x08000b19   Thumb Code    68  lcd_driver.o(.text)
    SPI_WriteData                            0x08000b5d   Thumb Code    52  lcd_driver.o(.text)
    Lcd_WriteIndex                           0x08000b91   Thumb Code    22  lcd_driver.o(.text)
    Lcd_WriteData                            0x08000ba7   Thumb Code    22  lcd_driver.o(.text)
    LCD_WriteData_16Bit                      0x08000bbd   Thumb Code    28  lcd_driver.o(.text)
    Lcd_WriteReg                             0x08000bd9   Thumb Code    20  lcd_driver.o(.text)
    Lcd_Reset                                0x08000bed   Thumb Code    28  lcd_driver.o(.text)
    Lcd_Updata                               0x08000c09   Thumb Code     2  lcd_driver.o(.text)
    Lcd_SetRegion                            0x08000c0b   Thumb Code    86  lcd_driver.o(.text)
    Lcd_Clear                                0x08000c61   Thumb Code    50  lcd_driver.o(.text)
    Lcd_Blk                                  0x08000c93   Thumb Code    24  lcd_driver.o(.text)
    Lcd_Init                                 0x08000cab   Thumb Code   564  lcd_driver.o(.text)
    Lcd_SetXY                                0x08000edf   Thumb Code    20  lcd_driver.o(.text)
    Gui_DrawPoint                            0x08000ef3   Thumb Code    54  lcd_driver.o(.text)
    Lcd_ReadPoint                            0x08000f29   Thumb Code    24  lcd_driver.o(.text)
    Lcd_ClearRect                            0x08000f41   Thumb Code    68  lcd_driver.o(.text)
    Buzzer_Init                              0x08000f85   Thumb Code    46  buzzer.o(.text)
    Buzzer_on                                0x08000fb3   Thumb Code    20  buzzer.o(.text)
    Buzzer_flash                             0x08000fc7   Thumb Code    22  buzzer.o(.text)
    ESP8266_Printf                           0x08000fe5   Thumb Code    64  esp8266.o(.text)
    ESP8266_ms                               0x08001025   Thumb Code    12  esp8266.o(.text)
    changeLine                               0x08001031   Thumb Code    82  esp8266.o(.text)
    AddUartChar                              0x08001083   Thumb Code   110  esp8266.o(.text)
    ESP8266_GetLine                          0x080010f1   Thumb Code   280  esp8266.o(.text)
    writeAtPrintf                            0x08001209   Thumb Code    64  esp8266.o(.text)
    writeAtCmd                               0x08001249   Thumb Code    38  esp8266.o(.text)
    ESP8266_parseMsg                         0x0800126f   Thumb Code    20  esp8266.o(.text)
    ESP8266_SendAT                           0x08001283   Thumb Code   140  esp8266.o(.text)
    ESP8266_SetWorkMode                      0x0800130f   Thumb Code    50  esp8266.o(.text)
    ESP8266_ConnectAp                        0x08001341   Thumb Code    84  esp8266.o(.text)
    ESP8266_SoftAp                           0x08001395   Thumb Code    72  esp8266.o(.text)
    ESP8266_SoftAp_staticIp                  0x080013dd   Thumb Code    36  esp8266.o(.text)
    ESP8266_Station_staticIp                 0x08001401   Thumb Code   316  esp8266.o(.text)
    ESP8266_GetIp                            0x0800153d   Thumb Code   382  esp8266.o(.text)
    ESP8266_SetDhcp                          0x080016bb   Thumb Code    40  esp8266.o(.text)
    ESP8266_GetStaMacString                  0x080016e3   Thumb Code    54  esp8266.o(.text)
    ESP8266_reset                            0x08001719   Thumb Code    84  esp8266.o(.text)
    ESP8266_init                             0x0800176d   Thumb Code   222  esp8266.o(.text)
    ScanApInfo                               0x0800184b   Thumb Code   422  esp8266.o(.text)
    delay_init                               0x080019f1   Thumb Code    50  delay.o(.text)
    delay_us                                 0x08001a23   Thumb Code    72  delay.o(.text)
    delay_ms                                 0x08001a6b   Thumb Code    72  delay.o(.text)
    _sys_exit                                0x08001ac5   Thumb Code     6  usart.o(.text)
    fputc                                    0x08001acb   Thumb Code    24  usart.o(.text)
    _ttywrch                                 0x08001ae3   Thumb Code     6  usart.o(.text)
    uart1_init                               0x08001ae9   Thumb Code   152  usart.o(.text)
    USART1_IRQHandler                        0x08001b81   Thumb Code    24  usart.o(.text)
    uart1_send_char                          0x08001b99   Thumb Code    28  usart.o(.text)
    uart1_send_buff                          0x08001bb5   Thumb Code    24  usart.o(.text)
    uart2_485_init                           0x08001bd5   Thumb Code    44  usart2.o(.text)
    uart2_init                               0x08001c01   Thumb Code   158  usart2.o(.text)
    USART2_IRQHandler                        0x08001c9f   Thumb Code    30  usart2.o(.text)
    USART2_send_char                         0x08001cbd   Thumb Code    28  usart2.o(.text)
    USART2_send_buff                         0x08001cd9   Thumb Code    24  usart2.o(.text)
    USART2_SetCallback                       0x08001cf1   Thumb Code     6  usart2.o(.text)
    Reset_Handler                            0x08001d0d   Thumb Code     8  startup_stm32f10x_hd.o(.text)
    ADC1_2_IRQHandler                        0x08001d27   Thumb Code     0  startup_stm32f10x_hd.o(.text)
    ADC3_IRQHandler                          0x08001d27   Thumb Code     0  startup_stm32f10x_hd.o(.text)
    CAN1_RX1_IRQHandler                      0x08001d27   Thumb Code     0  startup_stm32f10x_hd.o(.text)
    CAN1_SCE_IRQHandler                      0x08001d27   Thumb Code     0  startup_stm32f10x_hd.o(.text)
    DMA1_Channel1_IRQHandler                 0x08001d27   Thumb Code     0  startup_stm32f10x_hd.o(.text)
    DMA1_Channel2_IRQHandler                 0x08001d27   Thumb Code     0  startup_stm32f10x_hd.o(.text)
    DMA1_Channel3_IRQHandler                 0x08001d27   Thumb Code     0  startup_stm32f10x_hd.o(.text)
    DMA1_Channel4_IRQHandler                 0x08001d27   Thumb Code     0  startup_stm32f10x_hd.o(.text)
    DMA1_Channel5_IRQHandler                 0x08001d27   Thumb Code     0  startup_stm32f10x_hd.o(.text)
    DMA1_Channel6_IRQHandler                 0x08001d27   Thumb Code     0  startup_stm32f10x_hd.o(.text)
    DMA1_Channel7_IRQHandler                 0x08001d27   Thumb Code     0  startup_stm32f10x_hd.o(.text)
    DMA2_Channel1_IRQHandler                 0x08001d27   Thumb Code     0  startup_stm32f10x_hd.o(.text)
    DMA2_Channel2_IRQHandler                 0x08001d27   Thumb Code     0  startup_stm32f10x_hd.o(.text)
    DMA2_Channel3_IRQHandler                 0x08001d27   Thumb Code     0  startup_stm32f10x_hd.o(.text)
    DMA2_Channel4_5_IRQHandler               0x08001d27   Thumb Code     0  startup_stm32f10x_hd.o(.text)
    EXTI0_IRQHandler                         0x08001d27   Thumb Code     0  startup_stm32f10x_hd.o(.text)
    EXTI15_10_IRQHandler                     0x08001d27   Thumb Code     0  startup_stm32f10x_hd.o(.text)
    EXTI1_IRQHandler                         0x08001d27   Thumb Code     0  startup_stm32f10x_hd.o(.text)
    EXTI2_IRQHandler                         0x08001d27   Thumb Code     0  startup_stm32f10x_hd.o(.text)
    EXTI3_IRQHandler                         0x08001d27   Thumb Code     0  startup_stm32f10x_hd.o(.text)
    EXTI4_IRQHandler                         0x08001d27   Thumb Code     0  startup_stm32f10x_hd.o(.text)
    EXTI9_5_IRQHandler                       0x08001d27   Thumb Code     0  startup_stm32f10x_hd.o(.text)
    FLASH_IRQHandler                         0x08001d27   Thumb Code     0  startup_stm32f10x_hd.o(.text)
    FSMC_IRQHandler                          0x08001d27   Thumb Code     0  startup_stm32f10x_hd.o(.text)
    I2C1_ER_IRQHandler                       0x08001d27   Thumb Code     0  startup_stm32f10x_hd.o(.text)
    I2C1_EV_IRQHandler                       0x08001d27   Thumb Code     0  startup_stm32f10x_hd.o(.text)
    I2C2_ER_IRQHandler                       0x08001d27   Thumb Code     0  startup_stm32f10x_hd.o(.text)
    I2C2_EV_IRQHandler                       0x08001d27   Thumb Code     0  startup_stm32f10x_hd.o(.text)
    PVD_IRQHandler                           0x08001d27   Thumb Code     0  startup_stm32f10x_hd.o(.text)
    RCC_IRQHandler                           0x08001d27   Thumb Code     0  startup_stm32f10x_hd.o(.text)
    RTCAlarm_IRQHandler                      0x08001d27   Thumb Code     0  startup_stm32f10x_hd.o(.text)
    RTC_IRQHandler                           0x08001d27   Thumb Code     0  startup_stm32f10x_hd.o(.text)
    SDIO_IRQHandler                          0x08001d27   Thumb Code     0  startup_stm32f10x_hd.o(.text)
    SPI1_IRQHandler                          0x08001d27   Thumb Code     0  startup_stm32f10x_hd.o(.text)
    SPI2_IRQHandler                          0x08001d27   Thumb Code     0  startup_stm32f10x_hd.o(.text)
    SPI3_IRQHandler                          0x08001d27   Thumb Code     0  startup_stm32f10x_hd.o(.text)
    TAMPER_IRQHandler                        0x08001d27   Thumb Code     0  startup_stm32f10x_hd.o(.text)
    TIM1_BRK_IRQHandler                      0x08001d27   Thumb Code     0  startup_stm32f10x_hd.o(.text)
    TIM1_CC_IRQHandler                       0x08001d27   Thumb Code     0  startup_stm32f10x_hd.o(.text)
    TIM1_TRG_COM_IRQHandler                  0x08001d27   Thumb Code     0  startup_stm32f10x_hd.o(.text)
    TIM1_UP_IRQHandler                       0x08001d27   Thumb Code     0  startup_stm32f10x_hd.o(.text)
    TIM2_IRQHandler                          0x08001d27   Thumb Code     0  startup_stm32f10x_hd.o(.text)
    TIM3_IRQHandler                          0x08001d27   Thumb Code     0  startup_stm32f10x_hd.o(.text)
    TIM4_IRQHandler                          0x08001d27   Thumb Code     0  startup_stm32f10x_hd.o(.text)
    TIM5_IRQHandler                          0x08001d27   Thumb Code     0  startup_stm32f10x_hd.o(.text)
    TIM6_IRQHandler                          0x08001d27   Thumb Code     0  startup_stm32f10x_hd.o(.text)
    TIM7_IRQHandler                          0x08001d27   Thumb Code     0  startup_stm32f10x_hd.o(.text)
    TIM8_BRK_IRQHandler                      0x08001d27   Thumb Code     0  startup_stm32f10x_hd.o(.text)
    TIM8_CC_IRQHandler                       0x08001d27   Thumb Code     0  startup_stm32f10x_hd.o(.text)
    TIM8_TRG_COM_IRQHandler                  0x08001d27   Thumb Code     0  startup_stm32f10x_hd.o(.text)
    TIM8_UP_IRQHandler                       0x08001d27   Thumb Code     0  startup_stm32f10x_hd.o(.text)
    UART4_IRQHandler                         0x08001d27   Thumb Code     0  startup_stm32f10x_hd.o(.text)
    UART5_IRQHandler                         0x08001d27   Thumb Code     0  startup_stm32f10x_hd.o(.text)
    USART3_IRQHandler                        0x08001d27   Thumb Code     0  startup_stm32f10x_hd.o(.text)
    USBWakeUp_IRQHandler                     0x08001d27   Thumb Code     0  startup_stm32f10x_hd.o(.text)
    USB_HP_CAN1_TX_IRQHandler                0x08001d27   Thumb Code     0  startup_stm32f10x_hd.o(.text)
    USB_LP_CAN1_RX0_IRQHandler               0x08001d27   Thumb Code     0  startup_stm32f10x_hd.o(.text)
    WWDG_IRQHandler                          0x08001d27   Thumb Code     0  startup_stm32f10x_hd.o(.text)
    __user_initial_stackheap                 0x08001d29   Thumb Code     0  startup_stm32f10x_hd.o(.text)
    NVIC_PriorityGroupConfig                 0x08001d4d   Thumb Code    10  misc.o(.text)
    NVIC_Init                                0x08001d57   Thumb Code   100  misc.o(.text)
    NVIC_SetVectorTable                      0x08001dbb   Thumb Code    14  misc.o(.text)
    NVIC_SystemLPConfig                      0x08001dc9   Thumb Code    34  misc.o(.text)
    SysTick_CLKSourceConfig                  0x08001deb   Thumb Code    40  misc.o(.text)
    GPIO_DeInit                              0x08001e29   Thumb Code   172  stm32f10x_gpio.o(.text)
    GPIO_AFIODeInit                          0x08001ed5   Thumb Code    20  stm32f10x_gpio.o(.text)
    GPIO_Init                                0x08001ee9   Thumb Code   278  stm32f10x_gpio.o(.text)
    GPIO_StructInit                          0x08001fff   Thumb Code    16  stm32f10x_gpio.o(.text)
    GPIO_ReadInputDataBit                    0x0800200f   Thumb Code    18  stm32f10x_gpio.o(.text)
    GPIO_ReadInputData                       0x08002021   Thumb Code     8  stm32f10x_gpio.o(.text)
    GPIO_ReadOutputDataBit                   0x08002029   Thumb Code    18  stm32f10x_gpio.o(.text)
    GPIO_ReadOutputData                      0x0800203b   Thumb Code     8  stm32f10x_gpio.o(.text)
    GPIO_SetBits                             0x08002043   Thumb Code     4  stm32f10x_gpio.o(.text)
    GPIO_ResetBits                           0x08002047   Thumb Code     4  stm32f10x_gpio.o(.text)
    GPIO_WriteBit                            0x0800204b   Thumb Code    10  stm32f10x_gpio.o(.text)
    GPIO_Write                               0x08002055   Thumb Code     4  stm32f10x_gpio.o(.text)
    GPIO_PinLockConfig                       0x08002059   Thumb Code    18  stm32f10x_gpio.o(.text)
    GPIO_EventOutputConfig                   0x0800206b   Thumb Code    26  stm32f10x_gpio.o(.text)
    GPIO_EventOutputCmd                      0x08002085   Thumb Code     6  stm32f10x_gpio.o(.text)
    GPIO_PinRemapConfig                      0x0800208b   Thumb Code   138  stm32f10x_gpio.o(.text)
    GPIO_EXTILineConfig                      0x08002115   Thumb Code    66  stm32f10x_gpio.o(.text)
    GPIO_ETH_MediaInterfaceConfig            0x08002157   Thumb Code     8  stm32f10x_gpio.o(.text)
    RCC_DeInit                               0x08002185   Thumb Code    64  stm32f10x_rcc.o(.text)
    RCC_HSEConfig                            0x080021c5   Thumb Code    70  stm32f10x_rcc.o(.text)
    RCC_GetFlagStatus                        0x0800220b   Thumb Code    56  stm32f10x_rcc.o(.text)
    RCC_WaitForHSEStartUp                    0x08002243   Thumb Code    56  stm32f10x_rcc.o(.text)
    RCC_AdjustHSICalibrationValue            0x0800227b   Thumb Code    20  stm32f10x_rcc.o(.text)
    RCC_HSICmd                               0x0800228f   Thumb Code     6  stm32f10x_rcc.o(.text)
    RCC_PLLConfig                            0x08002295   Thumb Code    24  stm32f10x_rcc.o(.text)
    RCC_PLLCmd                               0x080022ad   Thumb Code     6  stm32f10x_rcc.o(.text)
    RCC_SYSCLKConfig                         0x080022b3   Thumb Code    18  stm32f10x_rcc.o(.text)
    RCC_GetSYSCLKSource                      0x080022c5   Thumb Code    10  stm32f10x_rcc.o(.text)
    RCC_HCLKConfig                           0x080022cf   Thumb Code    18  stm32f10x_rcc.o(.text)
    RCC_PCLK1Config                          0x080022e1   Thumb Code    18  stm32f10x_rcc.o(.text)
    RCC_PCLK2Config                          0x080022f3   Thumb Code    20  stm32f10x_rcc.o(.text)
    RCC_ITConfig                             0x08002307   Thumb Code    26  stm32f10x_rcc.o(.text)
    RCC_USBCLKConfig                         0x08002321   Thumb Code     8  stm32f10x_rcc.o(.text)
    RCC_ADCCLKConfig                         0x08002329   Thumb Code    18  stm32f10x_rcc.o(.text)
    RCC_LSEConfig                            0x0800233b   Thumb Code    50  stm32f10x_rcc.o(.text)
    RCC_LSICmd                               0x0800236d   Thumb Code     6  stm32f10x_rcc.o(.text)
    RCC_RTCCLKConfig                         0x08002373   Thumb Code    12  stm32f10x_rcc.o(.text)
    RCC_RTCCLKCmd                            0x0800237f   Thumb Code     8  stm32f10x_rcc.o(.text)
    RCC_GetClocksFreq                        0x08002387   Thumb Code   192  stm32f10x_rcc.o(.text)
    RCC_AHBPeriphClockCmd                    0x08002447   Thumb Code    26  stm32f10x_rcc.o(.text)
    RCC_APB2PeriphClockCmd                   0x08002461   Thumb Code    26  stm32f10x_rcc.o(.text)
    RCC_APB1PeriphClockCmd                   0x0800247b   Thumb Code    26  stm32f10x_rcc.o(.text)
    RCC_APB2PeriphResetCmd                   0x08002495   Thumb Code    26  stm32f10x_rcc.o(.text)
    RCC_APB1PeriphResetCmd                   0x080024af   Thumb Code    26  stm32f10x_rcc.o(.text)
    RCC_BackupResetCmd                       0x080024c9   Thumb Code     8  stm32f10x_rcc.o(.text)
    RCC_ClockSecuritySystemCmd               0x080024d1   Thumb Code     6  stm32f10x_rcc.o(.text)
    RCC_MCOConfig                            0x080024d7   Thumb Code     6  stm32f10x_rcc.o(.text)
    RCC_ClearFlag                            0x080024dd   Thumb Code    14  stm32f10x_rcc.o(.text)
    RCC_GetITStatus                          0x080024eb   Thumb Code    20  stm32f10x_rcc.o(.text)
    RCC_ClearITPendingBit                    0x080024ff   Thumb Code     6  stm32f10x_rcc.o(.text)
    USART_DeInit                             0x08002529   Thumb Code   134  stm32f10x_usart.o(.text)
    USART_Init                               0x080025af   Thumb Code   210  stm32f10x_usart.o(.text)
    USART_StructInit                         0x08002681   Thumb Code    24  stm32f10x_usart.o(.text)
    USART_ClockInit                          0x08002699   Thumb Code    34  stm32f10x_usart.o(.text)
    USART_ClockStructInit                    0x080026bb   Thumb Code    12  stm32f10x_usart.o(.text)
    USART_Cmd                                0x080026c7   Thumb Code    24  stm32f10x_usart.o(.text)
    USART_ITConfig                           0x080026df   Thumb Code    74  stm32f10x_usart.o(.text)
    USART_DMACmd                             0x08002729   Thumb Code    18  stm32f10x_usart.o(.text)
    USART_SetAddress                         0x0800273b   Thumb Code    18  stm32f10x_usart.o(.text)
    USART_WakeUpConfig                       0x0800274d   Thumb Code    18  stm32f10x_usart.o(.text)
    USART_ReceiverWakeUpCmd                  0x0800275f   Thumb Code    24  stm32f10x_usart.o(.text)
    USART_LINBreakDetectLengthConfig         0x08002777   Thumb Code    18  stm32f10x_usart.o(.text)
    USART_LINCmd                             0x08002789   Thumb Code    24  stm32f10x_usart.o(.text)
    USART_SendData                           0x080027a1   Thumb Code     8  stm32f10x_usart.o(.text)
    USART_ReceiveData                        0x080027a9   Thumb Code    10  stm32f10x_usart.o(.text)
    USART_SendBreak                          0x080027b3   Thumb Code    10  stm32f10x_usart.o(.text)
    USART_SetGuardTime                       0x080027bd   Thumb Code    16  stm32f10x_usart.o(.text)
    USART_SetPrescaler                       0x080027cd   Thumb Code    16  stm32f10x_usart.o(.text)
    USART_SmartCardCmd                       0x080027dd   Thumb Code    24  stm32f10x_usart.o(.text)
    USART_SmartCardNACKCmd                   0x080027f5   Thumb Code    24  stm32f10x_usart.o(.text)
    USART_HalfDuplexCmd                      0x0800280d   Thumb Code    24  stm32f10x_usart.o(.text)
    USART_OverSampling8Cmd                   0x08002825   Thumb Code    22  stm32f10x_usart.o(.text)
    USART_OneBitMethodCmd                    0x0800283b   Thumb Code    24  stm32f10x_usart.o(.text)
    USART_IrDAConfig                         0x08002853   Thumb Code    18  stm32f10x_usart.o(.text)
    USART_IrDACmd                            0x08002865   Thumb Code    24  stm32f10x_usart.o(.text)
    USART_GetFlagStatus                      0x0800287d   Thumb Code    26  stm32f10x_usart.o(.text)
    USART_ClearFlag                          0x08002897   Thumb Code    18  stm32f10x_usart.o(.text)
    USART_GetITStatus                        0x080028a9   Thumb Code    84  stm32f10x_usart.o(.text)
    USART_ClearITPendingBit                  0x080028fd   Thumb Code    52  stm32f10x_usart.o(.text)
    SPI_I2S_DeInit                           0x08002931   Thumb Code    76  stm32f10x_spi.o(.text)
    SPI_Init                                 0x0800297d   Thumb Code    60  stm32f10x_spi.o(.text)
    I2S_Init                                 0x080029b9   Thumb Code   226  stm32f10x_spi.o(.text)
    SPI_StructInit                           0x08002a9b   Thumb Code    24  stm32f10x_spi.o(.text)
    I2S_StructInit                           0x08002ab3   Thumb Code    20  stm32f10x_spi.o(.text)
    SPI_Cmd                                  0x08002ac7   Thumb Code    24  stm32f10x_spi.o(.text)
    I2S_Cmd                                  0x08002adf   Thumb Code    24  stm32f10x_spi.o(.text)
    SPI_I2S_ITConfig                         0x08002af7   Thumb Code    32  stm32f10x_spi.o(.text)
    SPI_I2S_DMACmd                           0x08002b17   Thumb Code    18  stm32f10x_spi.o(.text)
    SPI_I2S_SendData                         0x08002b29   Thumb Code     4  stm32f10x_spi.o(.text)
    SPI_I2S_ReceiveData                      0x08002b2d   Thumb Code     6  stm32f10x_spi.o(.text)
    SPI_NSSInternalSoftwareConfig            0x08002b33   Thumb Code    30  stm32f10x_spi.o(.text)
    SPI_SSOutputCmd                          0x08002b51   Thumb Code    24  stm32f10x_spi.o(.text)
    SPI_DataSizeConfig                       0x08002b69   Thumb Code    18  stm32f10x_spi.o(.text)
    SPI_TransmitCRC                          0x08002b7b   Thumb Code    10  stm32f10x_spi.o(.text)
    SPI_CalculateCRC                         0x08002b85   Thumb Code    24  stm32f10x_spi.o(.text)
    SPI_GetCRC                               0x08002b9d   Thumb Code    16  stm32f10x_spi.o(.text)
    SPI_GetCRCPolynomial                     0x08002bad   Thumb Code     6  stm32f10x_spi.o(.text)
    SPI_BiDirectionalLineConfig              0x08002bb3   Thumb Code    28  stm32f10x_spi.o(.text)
    SPI_I2S_GetFlagStatus                    0x08002bcf   Thumb Code    18  stm32f10x_spi.o(.text)
    SPI_I2S_ClearFlag                        0x08002be1   Thumb Code     6  stm32f10x_spi.o(.text)
    SPI_I2S_GetITStatus                      0x08002be7   Thumb Code    52  stm32f10x_spi.o(.text)
    SPI_I2S_ClearITPendingBit                0x08002c1b   Thumb Code    20  stm32f10x_spi.o(.text)
    __use_no_semihosting                     0x08002c3d   Thumb Code     2  use_no_semi_2.o(.text)
    __c89vsprintf                            0x08002c41   Thumb Code    32  c89vsprintf.o(.text)
    __2printf                                0x08002c65   Thumb Code    20  __2printf.o(.text)
    __2sprintf                               0x08002c7d   Thumb Code    38  __2sprintf.o(.text)
    _printf_pre_padding                      0x08002ca9   Thumb Code    44  _printf_pad.o(.text)
    _printf_post_padding                     0x08002cd5   Thumb Code    34  _printf_pad.o(.text)
    _printf_str                              0x08002cf7   Thumb Code    82  _printf_str.o(.text)
    _printf_int_dec                          0x08002d49   Thumb Code   104  _printf_dec.o(.text)
    _printf_longlong_hex                     0x08002dc1   Thumb Code    86  _printf_hex_int_ll_ptr.o(.text)
    _printf_int_hex                          0x08002e17   Thumb Code    28  _printf_hex_int_ll_ptr.o(.text)
    _printf_ll_hex                           0x08002e33   Thumb Code    12  _printf_hex_int_ll_ptr.o(.text)
    _printf_hex_ptr                          0x08002e3f   Thumb Code    18  _printf_hex_int_ll_ptr.o(.text)
    __printf                                 0x08002e55   Thumb Code   388  __printf_flags_ss_wp.o(.text)
    atoi                                     0x08002fdd   Thumb Code    26  atoi.o(.text)
    strstr                                   0x08002ff7   Thumb Code    36  strstr.o(.text)
    strlen                                   0x0800301b   Thumb Code    62  strlen.o(.text)
    __aeabi_memcpy                           0x08003059   Thumb Code     0  rt_memcpy_v6.o(.text)
    __rt_memcpy                              0x08003059   Thumb Code   138  rt_memcpy_v6.o(.text)
    _memcpy_lastbytes                        0x080030bf   Thumb Code     0  rt_memcpy_v6.o(.text)
    __aeabi_memclr                           0x080030e3   Thumb Code     0  rt_memclr.o(.text)
    __rt_memclr                              0x080030e3   Thumb Code    68  rt_memclr.o(.text)
    _memset                                  0x080030e7   Thumb Code     0  rt_memclr.o(.text)
    __aeabi_memclr4                          0x08003127   Thumb Code     0  rt_memclr_w.o(.text)
    __aeabi_memclr8                          0x08003127   Thumb Code     0  rt_memclr_w.o(.text)
    __rt_memclr_w                            0x08003127   Thumb Code    78  rt_memclr_w.o(.text)
    _memset_w                                0x0800312b   Thumb Code     0  rt_memclr_w.o(.text)
    __use_two_region_memory                  0x08003175   Thumb Code     2  heapauxi.o(.text)
    __rt_heap_escrow$2region                 0x08003177   Thumb Code     2  heapauxi.o(.text)
    __rt_heap_expand$2region                 0x08003179   Thumb Code     2  heapauxi.o(.text)
    __I$use$semihosting                      0x0800317b   Thumb Code     0  use_no_semi.o(.text)
    __use_no_semihosting_swi                 0x0800317b   Thumb Code     2  use_no_semi.o(.text)
    __aeabi_errno_addr                       0x0800317d   Thumb Code     8  rt_errno_addr_intlibspace.o(.text)
    __errno$intlibspace                      0x0800317d   Thumb Code     0  rt_errno_addr_intlibspace.o(.text)
    __rt_errno_addr$intlibspace              0x0800317d   Thumb Code     0  rt_errno_addr_intlibspace.o(.text)
    _printf_truncate_signed                  0x08003185   Thumb Code    18  _printf_truncate.o(.text)
    _printf_truncate_unsigned                0x08003197   Thumb Code    18  _printf_truncate.o(.text)
    _printf_int_common                       0x080031a9   Thumb Code   178  _printf_intcommon.o(.text)
    _printf_charcount                        0x0800325b   Thumb Code    40  _printf_charcount.o(.text)
    _printf_char_common                      0x0800328f   Thumb Code    32  _printf_char_common.o(.text)
    _sputc                                   0x080032b5   Thumb Code    10  _sputc.o(.text)
    _printf_cs_common                        0x080032bf   Thumb Code    20  _printf_char.o(.text)
    _printf_char                             0x080032d3   Thumb Code    16  _printf_char.o(.text)
    _printf_string                           0x080032e3   Thumb Code     8  _printf_char.o(.text)
    _printf_char_file                        0x080032ed   Thumb Code    32  _printf_char_file.o(.text)
    _printf_wctomb                           0x08003311   Thumb Code   182  _printf_wctomb.o(.text)
    _printf_longlong_dec                     0x080033cd   Thumb Code   108  _printf_longlong_dec.o(.text)
    _printf_longlong_oct                     0x08003449   Thumb Code    68  _printf_oct_int_ll.o(.text)
    _printf_int_oct                          0x0800348d   Thumb Code    24  _printf_oct_int_ll.o(.text)
    _printf_ll_oct                           0x080034a5   Thumb Code    12  _printf_oct_int_ll.o(.text)
    strtol                                   0x080034b9   Thumb Code   112  strtol.o(.text)
    __aeabi_memcpy4                          0x08003529   Thumb Code     0  rt_memcpy_w.o(.text)
    __aeabi_memcpy8                          0x08003529   Thumb Code     0  rt_memcpy_w.o(.text)
    __rt_memcpy_w                            0x08003529   Thumb Code   100  rt_memcpy_w.o(.text)
    _memcpy_lastbytes_aligned                0x08003571   Thumb Code     0  rt_memcpy_w.o(.text)
    __user_libspace                          0x0800358d   Thumb Code     8  libspace.o(.text)
    __user_perproc_libspace                  0x0800358d   Thumb Code     0  libspace.o(.text)
    __user_perthread_libspace                0x0800358d   Thumb Code     0  libspace.o(.text)
    __rt_ctype_table                         0x08003595   Thumb Code    16  rt_ctype_table.o(.text)
    _ll_udiv10                               0x080035a5   Thumb Code   138  lludiv10.o(.text)
    __lib_sel_fp_printf                      0x0800362f   Thumb Code     2  _printf_fp_dec.o(.text)
    _printf_fp_dec_real                      0x080037dd   Thumb Code   620  _printf_fp_dec.o(.text)
    _printf_lcs_common                       0x08003a49   Thumb Code    20  _printf_wchar.o(.text)
    _printf_wchar                            0x08003a5d   Thumb Code    16  _printf_wchar.o(.text)
    _printf_wstring                          0x08003a6d   Thumb Code     8  _printf_wchar.o(.text)
    _strtoul                                 0x08003a75   Thumb Code   158  _strtoul.o(.text)
    ferror                                   0x08003b13   Thumb Code     8  ferror.o(.text)
    _wcrtomb                                 0x08003b1b   Thumb Code    64  _wcrtomb.o(.text)
    __user_setup_stackheap                   0x08003b5b   Thumb Code    74  sys_stackheap_outer.o(.text)
    __rt_locale                              0x08003ba5   Thumb Code     8  rt_locale_intlibspace.o(.text)
    _printf_fp_infnan                        0x08003bad   Thumb Code   112  _printf_fp_infnan.o(.text)
    _chval                                   0x08003c2d   Thumb Code    28  _chval.o(.text)
    _btod_etento                             0x08003c49   Thumb Code   216  bigflt0.o(.text)
    exit                                     0x08003d25   Thumb Code    12  exit.o(.text)
    strcmp                                   0x08003d31   Thumb Code   128  strcmpv7m.o(.text)
    _btod_d2e                                0x08003db1   Thumb Code    62  btod.o(CL$$btod_d2e)
    _d2e_denorm_low                          0x08003def   Thumb Code    70  btod.o(CL$$btod_d2e_denorm_low)
    _d2e_norm_op1                            0x08003e35   Thumb Code    96  btod.o(CL$$btod_d2e_norm_op1)
    __btod_div_common                        0x08003e95   Thumb Code   696  btod.o(CL$$btod_div_common)
    _e2e                                     0x080041cd   Thumb Code   198  btod.o(CL$$btod_e2e)
    _btod_ediv                               0x08004293   Thumb Code    40  btod.o(CL$$btod_ediv)
    _btod_emul                               0x080042bb   Thumb Code    40  btod.o(CL$$btod_emul)
    __btod_mult_common                       0x080042e3   Thumb Code   580  btod.o(CL$$btod_mult_common)
    __ARM_fpclassify                         0x08004527   Thumb Code    40  fpclassify.o(i.__ARM_fpclassify)
    _is_digit                                0x0800454f   Thumb Code    14  __printf_wp.o(i._is_digit)
    _get_lc_ctype                            0x0800455d   Thumb Code    44  lc_ctype_c.o(locale$$code)
    _get_lc_numeric                          0x08004589   Thumb Code    44  lc_numeric_c.o(locale$$code)
    _printf_fp_dec                           0x080045b5   Thumb Code     4  printf1.o(x$fpl$printf1)
    __I$use$fp                               0x080045b8   Number         0  usenofp.o(x$fpl$usenofp)
    Region$$Table$$Base                      0x08004690   Number         0  anon$$obj.o(Region$$Table)
    Region$$Table$$Limit                     0x080046b0   Number         0  anon$$obj.o(Region$$Table)
    __ctype                                  0x080046bd   Data           0  lc_ctype_c.o(locale$$data)
    SystemCoreClock                          0x20000000   Data           4  system_stm32f10x.o(.data)
    AHBPrescTable                            0x20000004   Data          16  system_stm32f10x.o(.data)
    W25QXX_TYPE                              0x20000014   Data           2  w25qxx.o(.data)
    __stdout                                 0x20000020   Data           4  usart.o(.data)
    uart2_TxCallBack                         0x20000024   Data           4  usart2.o(.data)
    W25QXX_BUFFER                            0x2000003c   Data        4096  w25qxx.o(.bss)
    esp8266                                  0x2000103c   Data       10342  esp8266.o(.bss)
    gAtParseBuff                             0x200038a2   Data         500  esp8266.o(.bss)
    __libspace_start                         0x20003a98   Data          96  libspace.o(.bss)
    __temporary_stack_top$libspace           0x20003af8   Data           0  libspace.o(.bss)



==============================================================================

Memory Map of the image

  Image Entry point : 0x08000131

  Load Region LR_IROM1 (Base: 0x08000000, Size: 0x00004818, Max: 0x00040000, ABSOLUTE)

    Execution Region ER_IROM1 (Base: 0x08000000, Size: 0x000047dc, Max: 0x00040000, ABSOLUTE)

    Base Addr    Size         Type   Attr      Idx    E Section Name        Object

    0x08000000   0x00000130   Data   RO          427    RESET               startup_stm32f10x_hd.o
    0x08000130   0x00000008   Code   RO          599  * !!!main             c_w.l(__main.o)
    0x08000138   0x00000034   Code   RO          888    !!!scatter          c_w.l(__scatter.o)
    0x0800016c   0x0000001a   Code   RO          890    !!handler_copy      c_w.l(__scatter_copy.o)
    0x08000186   0x00000002   PAD
    0x08000188   0x0000001c   Code   RO          892    !!handler_zi        c_w.l(__scatter_zi.o)
    0x080001a4   0x00000000   Code   RO          584    .ARM.Collect$$_printf_percent$$00000000  c_w.l(_printf_percent.o)
    0x080001a4   0x00000006   Code   RO          647    .ARM.Collect$$_printf_percent$$00000001  c_w.l(_printf_n.o)
    0x080001aa   0x00000006   Code   RO          648    .ARM.Collect$$_printf_percent$$00000002  c_w.l(_printf_p.o)
    0x080001b0   0x00000006   Code   RO          652    .ARM.Collect$$_printf_percent$$00000003  c_w.l(_printf_f.o)
    0x080001b6   0x00000006   Code   RO          653    .ARM.Collect$$_printf_percent$$00000004  c_w.l(_printf_e.o)
    0x080001bc   0x00000006   Code   RO          654    .ARM.Collect$$_printf_percent$$00000005  c_w.l(_printf_g.o)
    0x080001c2   0x00000006   Code   RO          655    .ARM.Collect$$_printf_percent$$00000006  c_w.l(_printf_a.o)
    0x080001c8   0x0000000a   Code   RO          660    .ARM.Collect$$_printf_percent$$00000007  c_w.l(_printf_ll.o)
    0x080001d2   0x00000006   Code   RO          650    .ARM.Collect$$_printf_percent$$00000008  c_w.l(_printf_i.o)
    0x080001d8   0x00000006   Code   RO          583    .ARM.Collect$$_printf_percent$$00000009  c_w.l(_printf_d.o)
    0x080001de   0x00000006   Code   RO          651    .ARM.Collect$$_printf_percent$$0000000A  c_w.l(_printf_u.o)
    0x080001e4   0x00000006   Code   RO          649    .ARM.Collect$$_printf_percent$$0000000B  c_w.l(_printf_o.o)
    0x080001ea   0x00000006   Code   RO          582    .ARM.Collect$$_printf_percent$$0000000C  c_w.l(_printf_x.o)
    0x080001f0   0x00000006   Code   RO          657    .ARM.Collect$$_printf_percent$$0000000D  c_w.l(_printf_lli.o)
    0x080001f6   0x00000006   Code   RO          658    .ARM.Collect$$_printf_percent$$0000000E  c_w.l(_printf_lld.o)
    0x080001fc   0x00000006   Code   RO          659    .ARM.Collect$$_printf_percent$$0000000F  c_w.l(_printf_llu.o)
    0x08000202   0x00000006   Code   RO          664    .ARM.Collect$$_printf_percent$$00000010  c_w.l(_printf_llo.o)
    0x08000208   0x00000006   Code   RO          665    .ARM.Collect$$_printf_percent$$00000011  c_w.l(_printf_llx.o)
    0x0800020e   0x0000000a   Code   RO          661    .ARM.Collect$$_printf_percent$$00000012  c_w.l(_printf_l.o)
    0x08000218   0x00000006   Code   RO          646    .ARM.Collect$$_printf_percent$$00000013  c_w.l(_printf_c.o)
    0x0800021e   0x00000006   Code   RO          581    .ARM.Collect$$_printf_percent$$00000014  c_w.l(_printf_s.o)
    0x08000224   0x00000006   Code   RO          662    .ARM.Collect$$_printf_percent$$00000015  c_w.l(_printf_lc.o)
    0x0800022a   0x00000006   Code   RO          663    .ARM.Collect$$_printf_percent$$00000016  c_w.l(_printf_ls.o)
    0x08000230   0x00000004   Code   RO          656    .ARM.Collect$$_printf_percent$$00000017  c_w.l(_printf_percent_end.o)
    0x08000234   0x00000002   Code   RO          762    .ARM.Collect$$libinit$$00000000  c_w.l(libinit.o)
    0x08000236   0x00000000   Code   RO          772    .ARM.Collect$$libinit$$00000002  c_w.l(libinit2.o)
    0x08000236   0x00000000   Code   RO          774    .ARM.Collect$$libinit$$00000004  c_w.l(libinit2.o)
    0x08000236   0x00000000   Code   RO          777    .ARM.Collect$$libinit$$0000000A  c_w.l(libinit2.o)
    0x08000236   0x00000000   Code   RO          779    .ARM.Collect$$libinit$$0000000C  c_w.l(libinit2.o)
    0x08000236   0x00000000   Code   RO          781    .ARM.Collect$$libinit$$0000000E  c_w.l(libinit2.o)
    0x08000236   0x00000006   Code   RO          782    .ARM.Collect$$libinit$$0000000F  c_w.l(libinit2.o)
    0x0800023c   0x00000000   Code   RO          784    .ARM.Collect$$libinit$$00000011  c_w.l(libinit2.o)
    0x0800023c   0x0000000c   Code   RO          785    .ARM.Collect$$libinit$$00000012  c_w.l(libinit2.o)
    0x08000248   0x00000000   Code   RO          786    .ARM.Collect$$libinit$$00000013  c_w.l(libinit2.o)
    0x08000248   0x00000000   Code   RO          788    .ARM.Collect$$libinit$$00000015  c_w.l(libinit2.o)
    0x08000248   0x0000000a   Code   RO          789    .ARM.Collect$$libinit$$00000016  c_w.l(libinit2.o)
    0x08000252   0x00000000   Code   RO          790    .ARM.Collect$$libinit$$00000017  c_w.l(libinit2.o)
    0x08000252   0x00000000   Code   RO          792    .ARM.Collect$$libinit$$00000019  c_w.l(libinit2.o)
    0x08000252   0x00000000   Code   RO          794    .ARM.Collect$$libinit$$0000001B  c_w.l(libinit2.o)
    0x08000252   0x00000000   Code   RO          796    .ARM.Collect$$libinit$$0000001D  c_w.l(libinit2.o)
    0x08000252   0x00000000   Code   RO          798    .ARM.Collect$$libinit$$0000001F  c_w.l(libinit2.o)
    0x08000252   0x00000000   Code   RO          800    .ARM.Collect$$libinit$$00000021  c_w.l(libinit2.o)
    0x08000252   0x00000000   Code   RO          802    .ARM.Collect$$libinit$$00000023  c_w.l(libinit2.o)
    0x08000252   0x00000000   Code   RO          804    .ARM.Collect$$libinit$$00000025  c_w.l(libinit2.o)
    0x08000252   0x00000000   Code   RO          808    .ARM.Collect$$libinit$$0000002C  c_w.l(libinit2.o)
    0x08000252   0x00000000   Code   RO          810    .ARM.Collect$$libinit$$0000002E  c_w.l(libinit2.o)
    0x08000252   0x00000000   Code   RO          812    .ARM.Collect$$libinit$$00000030  c_w.l(libinit2.o)
    0x08000252   0x00000000   Code   RO          814    .ARM.Collect$$libinit$$00000032  c_w.l(libinit2.o)
    0x08000252   0x00000002   Code   RO          815    .ARM.Collect$$libinit$$00000033  c_w.l(libinit2.o)
    0x08000254   0x00000002   Code   RO          833    .ARM.Collect$$libshutdown$$00000000  c_w.l(libshutdown.o)
    0x08000256   0x00000000   Code   RO          844    .ARM.Collect$$libshutdown$$00000003  c_w.l(libshutdown2.o)
    0x08000256   0x00000000   Code   RO          847    .ARM.Collect$$libshutdown$$00000006  c_w.l(libshutdown2.o)
    0x08000256   0x00000000   Code   RO          850    .ARM.Collect$$libshutdown$$00000009  c_w.l(libshutdown2.o)
    0x08000256   0x00000000   Code   RO          852    .ARM.Collect$$libshutdown$$0000000B  c_w.l(libshutdown2.o)
    0x08000256   0x00000000   Code   RO          855    .ARM.Collect$$libshutdown$$0000000E  c_w.l(libshutdown2.o)
    0x08000256   0x00000002   Code   RO          856    .ARM.Collect$$libshutdown$$0000000F  c_w.l(libshutdown2.o)
    0x08000258   0x00000000   Code   RO          615    .ARM.Collect$$rtentry$$00000000  c_w.l(__rtentry.o)
    0x08000258   0x00000000   Code   RO          681    .ARM.Collect$$rtentry$$00000002  c_w.l(__rtentry2.o)
    0x08000258   0x00000006   Code   RO          693    .ARM.Collect$$rtentry$$00000004  c_w.l(__rtentry4.o)
    0x0800025e   0x00000000   Code   RO          683    .ARM.Collect$$rtentry$$00000009  c_w.l(__rtentry2.o)
    0x0800025e   0x00000004   Code   RO          684    .ARM.Collect$$rtentry$$0000000A  c_w.l(__rtentry2.o)
    0x08000262   0x00000000   Code   RO          686    .ARM.Collect$$rtentry$$0000000C  c_w.l(__rtentry2.o)
    0x08000262   0x00000008   Code   RO          687    .ARM.Collect$$rtentry$$0000000D  c_w.l(__rtentry2.o)
    0x0800026a   0x00000002   Code   RO          767    .ARM.Collect$$rtexit$$00000000  c_w.l(rtexit.o)
    0x0800026c   0x00000000   Code   RO          817    .ARM.Collect$$rtexit$$00000002  c_w.l(rtexit2.o)
    0x0800026c   0x00000004   Code   RO          818    .ARM.Collect$$rtexit$$00000003  c_w.l(rtexit2.o)
    0x08000270   0x00000006   Code   RO          819    .ARM.Collect$$rtexit$$00000004  c_w.l(rtexit2.o)
    0x08000276   0x00000002   PAD
    0x08000278   0x00000078   Code   RO            1    .text               main.o
    0x080002f0   0x0000001a   Code   RO          143    .text               stm32f10x_it.o
    0x0800030a   0x00000002   PAD
    0x0800030c   0x000001e0   Code   RO          184    .text               system_stm32f10x.o
    0x080004ec   0x000000c8   Code   RO          202    .text               led.o
    0x080005b4   0x000000f8   Code   RO          214    .text               key.o
    0x080006ac   0x00000104   Code   RO          226    .text               spi.o
    0x080007b0   0x00000368   Code   RO          241    .text               w25qxx.o
    0x08000b18   0x0000046c   Code   RO          282    .text               lcd_driver.o
    0x08000f84   0x00000060   Code   RO          294    .text               buzzer.o
    0x08000fe4   0x00000a0c   Code   RO          321    .text               esp8266.o
    0x080019f0   0x000000d4   Code   RO          350    .text               delay.o
    0x08001ac4   0x00000110   Code   RO          381    .text               usart.o
    0x08001bd4   0x00000138   Code   RO          400    .text               usart2.o
    0x08001d0c   0x00000040   Code   RO          428    .text               startup_stm32f10x_hd.o
    0x08001d4c   0x000000dc   Code   RO          432    .text               misc.o
    0x08001e28   0x0000035c   Code   RO          456    .text               stm32f10x_gpio.o
    0x08002184   0x000003a4   Code   RO          468    .text               stm32f10x_rcc.o
    0x08002528   0x00000408   Code   RO          494    .text               stm32f10x_usart.o
    0x08002930   0x0000030c   Code   RO          506    .text               stm32f10x_spi.o
    0x08002c3c   0x00000002   Code   RO          520    .text               c_w.l(use_no_semi_2.o)
    0x08002c3e   0x00000002   PAD
    0x08002c40   0x00000024   Code   RO          522    .text               c_w.l(c89vsprintf.o)
    0x08002c64   0x00000018   Code   RO          524    .text               c_w.l(__2printf.o)
    0x08002c7c   0x0000002c   Code   RO          526    .text               c_w.l(__2sprintf.o)
    0x08002ca8   0x0000004e   Code   RO          534    .text               c_w.l(_printf_pad.o)
    0x08002cf6   0x00000052   Code   RO          536    .text               c_w.l(_printf_str.o)
    0x08002d48   0x00000078   Code   RO          538    .text               c_w.l(_printf_dec.o)
    0x08002dc0   0x00000094   Code   RO          558    .text               c_w.l(_printf_hex_int_ll_ptr.o)
    0x08002e54   0x00000188   Code   RO          578    .text               c_w.l(__printf_flags_ss_wp.o)
    0x08002fdc   0x0000001a   Code   RO          585    .text               c_w.l(atoi.o)
    0x08002ff6   0x00000024   Code   RO          587    .text               c_w.l(strstr.o)
    0x0800301a   0x0000003e   Code   RO          589    .text               c_w.l(strlen.o)
    0x08003058   0x0000008a   Code   RO          591    .text               c_w.l(rt_memcpy_v6.o)
    0x080030e2   0x00000044   Code   RO          593    .text               c_w.l(rt_memclr.o)
    0x08003126   0x0000004e   Code   RO          595    .text               c_w.l(rt_memclr_w.o)
    0x08003174   0x00000006   Code   RO          597    .text               c_w.l(heapauxi.o)
    0x0800317a   0x00000002   Code   RO          613    .text               c_w.l(use_no_semi.o)
    0x0800317c   0x00000008   Code   RO          619    .text               c_w.l(rt_errno_addr_intlibspace.o)
    0x08003184   0x00000024   Code   RO          621    .text               c_w.l(_printf_truncate.o)
    0x080031a8   0x000000b2   Code   RO          623    .text               c_w.l(_printf_intcommon.o)
    0x0800325a   0x00000028   Code   RO          625    .text               c_w.l(_printf_charcount.o)
    0x08003282   0x00000002   PAD
    0x08003284   0x00000030   Code   RO          627    .text               c_w.l(_printf_char_common.o)
    0x080032b4   0x0000000a   Code   RO          629    .text               c_w.l(_sputc.o)
    0x080032be   0x0000002c   Code   RO          631    .text               c_w.l(_printf_char.o)
    0x080032ea   0x00000002   PAD
    0x080032ec   0x00000024   Code   RO          633    .text               c_w.l(_printf_char_file.o)
    0x08003310   0x000000bc   Code   RO          635    .text               c_w.l(_printf_wctomb.o)
    0x080033cc   0x0000007c   Code   RO          638    .text               c_w.l(_printf_longlong_dec.o)
    0x08003448   0x00000070   Code   RO          644    .text               c_w.l(_printf_oct_int_ll.o)
    0x080034b8   0x00000070   Code   RO          666    .text               c_w.l(strtol.o)
    0x08003528   0x00000064   Code   RO          668    .text               c_w.l(rt_memcpy_w.o)
    0x0800358c   0x00000008   Code   RO          677    .text               c_w.l(libspace.o)
    0x08003594   0x00000010   Code   RO          695    .text               c_w.l(rt_ctype_table.o)
    0x080035a4   0x0000008a   Code   RO          697    .text               c_w.l(lludiv10.o)
    0x0800362e   0x0000041a   Code   RO          699    .text               c_w.l(_printf_fp_dec.o)
    0x08003a48   0x0000002c   Code   RO          703    .text               c_w.l(_printf_wchar.o)
    0x08003a74   0x0000009e   Code   RO          705    .text               c_w.l(_strtoul.o)
    0x08003b12   0x00000008   Code   RO          707    .text               c_w.l(ferror.o)
    0x08003b1a   0x00000040   Code   RO          711    .text               c_w.l(_wcrtomb.o)
    0x08003b5a   0x0000004a   Code   RO          713    .text               c_w.l(sys_stackheap_outer.o)
    0x08003ba4   0x00000008   Code   RO          718    .text               c_w.l(rt_locale_intlibspace.o)
    0x08003bac   0x00000080   Code   RO          720    .text               c_w.l(_printf_fp_infnan.o)
    0x08003c2c   0x0000001c   Code   RO          722    .text               c_w.l(_chval.o)
    0x08003c48   0x000000dc   Code   RO          724    .text               c_w.l(bigflt0.o)
    0x08003d24   0x0000000c   Code   RO          755    .text               c_w.l(exit.o)
    0x08003d30   0x00000080   Code   RO          769    .text               c_w.l(strcmpv7m.o)
    0x08003db0   0x0000003e   Code   RO          727    CL$$btod_d2e        c_w.l(btod.o)
    0x08003dee   0x00000046   Code   RO          729    CL$$btod_d2e_denorm_low  c_w.l(btod.o)
    0x08003e34   0x00000060   Code   RO          728    CL$$btod_d2e_norm_op1  c_w.l(btod.o)
    0x08003e94   0x00000338   Code   RO          737    CL$$btod_div_common  c_w.l(btod.o)
    0x080041cc   0x000000c6   Code   RO          734    CL$$btod_e2e        c_w.l(btod.o)
    0x08004292   0x00000028   Code   RO          731    CL$$btod_ediv       c_w.l(btod.o)
    0x080042ba   0x00000028   Code   RO          730    CL$$btod_emul       c_w.l(btod.o)
    0x080042e2   0x00000244   Code   RO          736    CL$$btod_mult_common  c_w.l(btod.o)
    0x08004526   0x00000028   Code   RO          765    i.__ARM_fpclassify  m_ws.l(fpclassify.o)
    0x0800454e   0x0000000e   Code   RO          571    i._is_digit         c_w.l(__printf_wp.o)
    0x0800455c   0x0000002c   Code   RO          750    locale$$code        c_w.l(lc_ctype_c.o)
    0x08004588   0x0000002c   Code   RO          753    locale$$code        c_w.l(lc_numeric_c.o)
    0x080045b4   0x00000004   Code   RO          674    x$fpl$printf1       fz_ws.l(printf1.o)
    0x080045b8   0x00000000   Code   RO          676    x$fpl$usenofp       fz_ws.l(usenofp.o)
    0x080045b8   0x00000028   Data   RO          559    .constdata          c_w.l(_printf_hex_int_ll_ptr.o)
    0x080045e0   0x00000011   Data   RO          579    .constdata          c_w.l(__printf_flags_ss_wp.o)
    0x080045f1   0x00000003   PAD
    0x080045f4   0x00000008   Data   RO          636    .constdata          c_w.l(_printf_wctomb.o)
    0x080045fc   0x00000094   Data   RO          725    .constdata          c_w.l(bigflt0.o)
    0x08004690   0x00000020   Data   RO          886    Region$$Table       anon$$obj.o
    0x080046b0   0x00000110   Data   RO          749    locale$$data        c_w.l(lc_ctype_c.o)
    0x080047c0   0x0000001c   Data   RO          752    locale$$data        c_w.l(lc_numeric_c.o)


    Execution Region RW_IRAM1 (Base: 0x20000000, Size: 0x000040f8, Max: 0x0000c000, ABSOLUTE)

    Base Addr    Size         Type   Attr      Idx    E Section Name        Object

    0x20000000   0x00000014   Data   RW          185    .data               system_stm32f10x.o
    0x20000014   0x00000002   Data   RW          243    .data               w25qxx.o
    0x20000016   0x00000005   Data   RW          323    .data               esp8266.o
    0x2000001b   0x00000001   PAD
    0x2000001c   0x00000004   Data   RW          351    .data               delay.o
    0x20000020   0x00000004   Data   RW          382    .data               usart.o
    0x20000024   0x00000004   Data   RW          401    .data               usart2.o
    0x20000028   0x00000014   Data   RW          469    .data               stm32f10x_rcc.o
    0x2000003c   0x00001000   Zero   RW          242    .bss                w25qxx.o
    0x2000103c   0x00002a5a   Zero   RW          322    .bss                esp8266.o
    0x20003a96   0x00000002   PAD
    0x20003a98   0x00000060   Zero   RW          678    .bss                c_w.l(libspace.o)
    0x20003af8   0x00000200   Zero   RW          426    HEAP                startup_stm32f10x_hd.o
    0x20003cf8   0x00000400   Zero   RW          425    STACK               startup_stm32f10x_hd.o


==============================================================================

Image component sizes


      Code (inc. data)   RO Data    RW Data    ZI Data      Debug   Object Name

        96          8          0          0          0        841   buzzer.o
       212         18          0          4          0       1051   delay.o
      2572        474          0          5      10842       9993   esp8266.o
       248         14          0          0          0        812   key.o
      1132          8          0          0          0       3966   lcd_driver.o
       200         18          0          0          0        972   led.o
       120         24          0          0          0     240455   main.o
       220         22          0          0          0       1837   misc.o
       260         10          0          0          0       1117   spi.o
        64         26        304          0       1536        804   startup_stm32f10x_hd.o
       860         38          0          0          0       5681   stm32f10x_gpio.o
        26          0          0          0          0       1198   stm32f10x_it.o
       932         36          0         20          0       8872   stm32f10x_rcc.o
       780         14          0          0          0       6566   stm32f10x_spi.o
      1032         22          0          0          0       8408   stm32f10x_usart.o
         0          0          0          0          0         32   sys.o
       480         38          0         20          0       1791   system_stm32f10x.o
       272          8          0          4          0       3578   usart.o
       312         22          0          4          0       2274   usart2.o
       872         38          0          2       4096       4445   w25qxx.o

    ----------------------------------------------------------------------
     10692        838        336         60      16476     304693   Object Totals
         0          0         32          0          0          0   (incl. Generated)
         2          0          0          1          2          0   (incl. Padding)

    ----------------------------------------------------------------------

      Code (inc. data)   RO Data    RW Data    ZI Data      Debug   Library Member Name

        24          4          0          0          0         84   __2printf.o
        44          6          0          0          0         84   __2sprintf.o
         8          0          0          0          0         68   __main.o
       392          4         17          0          0         92   __printf_flags_ss_wp.o
        14          0          0          0          0         68   __printf_wp.o
         0          0          0          0          0          0   __rtentry.o
        12          0          0          0          0          0   __rtentry2.o
         6          0          0          0          0          0   __rtentry4.o
        52          8          0          0          0          0   __scatter.o
        26          0          0          0          0          0   __scatter_copy.o
        28          0          0          0          0          0   __scatter_zi.o
        28          0          0          0          0         68   _chval.o
         6          0          0          0          0          0   _printf_a.o
         6          0          0          0          0          0   _printf_c.o
        44          0          0          0          0        108   _printf_char.o
        48          6          0          0          0         96   _printf_char_common.o
        36          4          0          0          0         80   _printf_char_file.o
        40          0          0          0          0         68   _printf_charcount.o
         6          0          0          0          0          0   _printf_d.o
       120         16          0          0          0         92   _printf_dec.o
         6          0          0          0          0          0   _printf_e.o
         6          0          0          0          0          0   _printf_f.o
      1050          0          0          0          0        216   _printf_fp_dec.o
       128         16          0          0          0         84   _printf_fp_infnan.o
         6          0          0          0          0          0   _printf_g.o
       148          4         40          0          0        160   _printf_hex_int_ll_ptr.o
         6          0          0          0          0          0   _printf_i.o
       178          0          0          0          0         88   _printf_intcommon.o
        10          0          0          0          0          0   _printf_l.o
         6          0          0          0          0          0   _printf_lc.o
        10          0          0          0          0          0   _printf_ll.o
         6          0          0          0          0          0   _printf_lld.o
         6          0          0          0          0          0   _printf_lli.o
         6          0          0          0          0          0   _printf_llo.o
         6          0          0          0          0          0   _printf_llu.o
         6          0          0          0          0          0   _printf_llx.o
       124         16          0          0          0         92   _printf_longlong_dec.o
         6          0          0          0          0          0   _printf_ls.o
         6          0          0          0          0          0   _printf_n.o
         6          0          0          0          0          0   _printf_o.o
       112          8          0          0          0        124   _printf_oct_int_ll.o
         6          0          0          0          0          0   _printf_p.o
        78          0          0          0          0        108   _printf_pad.o
         0          0          0          0          0          0   _printf_percent.o
         4          0          0          0          0          0   _printf_percent_end.o
         6          0          0          0          0          0   _printf_s.o
        82          0          0          0          0         80   _printf_str.o
        36          0          0          0          0         84   _printf_truncate.o
         6          0          0          0          0          0   _printf_u.o
        44          0          0          0          0        108   _printf_wchar.o
       188          6          8          0          0         92   _printf_wctomb.o
         6          0          0          0          0          0   _printf_x.o
        10          0          0          0          0         68   _sputc.o
       158          0          0          0          0         92   _strtoul.o
        64          0          0          0          0         92   _wcrtomb.o
        26          0          0          0          0         80   atoi.o
       220          4        148          0          0         96   bigflt0.o
      1910        128          0          0          0        672   btod.o
        36          4          0          0          0         76   c89vsprintf.o
        12          0          0          0          0         72   exit.o
         8          0          0          0          0         68   ferror.o
         6          0          0          0          0        152   heapauxi.o
        44         10        272          0          0         76   lc_ctype_c.o
        44         10         28          0          0         76   lc_numeric_c.o
         2          0          0          0          0          0   libinit.o
        30          0          0          0          0          0   libinit2.o
         2          0          0          0          0          0   libshutdown.o
         2          0          0          0          0          0   libshutdown2.o
         8          4          0          0         96         68   libspace.o
       138          0          0          0          0         80   lludiv10.o
        16          4          0          0          0         76   rt_ctype_table.o
         8          4          0          0          0         68   rt_errno_addr_intlibspace.o
         8          4          0          0          0         68   rt_locale_intlibspace.o
        68          0          0          0          0         68   rt_memclr.o
        78          0          0          0          0         80   rt_memclr_w.o
       138          0          0          0          0         68   rt_memcpy_v6.o
       100          0          0          0          0         80   rt_memcpy_w.o
         2          0          0          0          0          0   rtexit.o
        10          0          0          0          0          0   rtexit2.o
       128          0          0          0          0         68   strcmpv7m.o
        62          0          0          0          0         76   strlen.o
        36          0          0          0          0         80   strstr.o
       112          0          0          0          0         88   strtol.o
        74          0          0          0          0         80   sys_stackheap_outer.o
         2          0          0          0          0         68   use_no_semi.o
         2          0          0          0          0         68   use_no_semi_2.o
         4          0          0          0          0         68   printf1.o
         0          0          0          0          0          0   usenofp.o
        40          0          0          0          0         68   fpclassify.o

    ----------------------------------------------------------------------
      6852        270        516          0         96       5084   Library Totals
        10          0          3          0          0          0   (incl. Padding)

    ----------------------------------------------------------------------

      Code (inc. data)   RO Data    RW Data    ZI Data      Debug   Library Name

      6798        270        513          0         96       4948   c_w.l
         4          0          0          0          0         68   fz_ws.l
        40          0          0          0          0         68   m_ws.l

    ----------------------------------------------------------------------
      6852        270        516          0         96       5084   Library Totals

    ----------------------------------------------------------------------

==============================================================================


      Code (inc. data)   RO Data    RW Data    ZI Data      Debug   

     17544       1108        852         60      16572     305353   Grand Totals
     17544       1108        852         60      16572     305353   ELF Image Totals
     17544       1108        852         60          0          0   ROM Totals

==============================================================================

    Total RO  Size (Code + RO Data)                18396 (  17.96kB)
    Total RW  Size (RW Data + ZI Data)             16632 (  16.24kB)
    Total ROM Size (Code + RO Data + RW Data)      18456 (  18.02kB)

==============================================================================

